14:05:48 **** Incremental Build of configuration Debug for project Demo_Project ****
make -j7 all 
arm-none-eabi-size  Demo_Project.elf 
   text	   data	    bss	    dec	    hex	filename
  21264	     44	   1948	  23256	   5ad8	Demo_Project.elf
Finished building: default.size.stdout
 
14:08:12 **** Incremental Build of configuration Debug for project Demo_Project ****
make -j7 all 
arm-none-eabi-size  Demo_Project.elf 
   text	   data	    bss	    dec	    hex	filename
  21264	     44	   1948	  23256	   5ad8	Demo_Project.elf
Finished building: default.size.stdout
 
14:08:24 **** Incremental Build of configuration Debug for project Demo_Project_f103 ****
make -j7 all 
arm-none-eabi-size  Demo_Project_f103.elf 
   text	   data	    bss	    dec	    hex	filename
  12852	     12	   1724	  14588	   38fc	Demo_Project_f103.elf
Finished building: default.size.stdout
 
14:08:33 **** Incremental Build of configuration Debug for project Test_Can ****
make -j7 all 
arm-none-eabi-size  Test_Can.elf 
   text	   data	    bss	    dec	    hex	filename
   8196	     12	   1636	   9844	   2674	Test_Can.elf
Finished building: default.size.stdout
 
