2026-08-31 08:54:10,677 [INFO] WebApp:194 - Connection lost
2026-08-31 09:03:53,437 [INFO] WebApp:191 - Connection restablished
2026-08-31 09:03:54,682 [INFO] WebApp:194 - Connection lost
2026-08-31 09:03:54,919 [INFO] WebApp:191 - Connection restablished
2026-08-31 09:06:32,643 [INFO] MainUpdater:2872 - connection check result : 10
2026-08-31 09:06:32,649 [INFO] MainUpdater:2872 - connection check result : 10
2026-08-31 09:06:33,687 [INFO] MicroXplorer:468 - Change Database Path : 
2026-08-31 09:06:33,689 [INFO] MicroXplorer:498 - Change Database Version : DB.6.0.150
2026-08-31 09:06:33,886 [ERROR] ProjectManagerView:395 - 
java.lang.NullPointerException: Cannot invoke "javax.swing.JTextField.getText()" because the return value of "java.util.List.get(int)" is null
	at com.st.microxplorer.plugins.projectmanager.gui.ProjectChoiceTab$9.caretUpdate(ProjectChoiceTab.java:2706) ~[filemanager.jar:?]
	at javax.swing.text.JTextComponent.fireCaretUpdate(JTextComponent.java:408) ~[?:?]
	at javax.swing.text.JTextComponent$MutableCaretEvent.fire(JTextComponent.java:4484) ~[?:?]
	at javax.swing.text.JTextComponent$MutableCaretEvent.stateChanged(JTextComponent.java:4506) ~[?:?]
	at javax.swing.text.DefaultCaret.fireStateChanged(DefaultCaret.java:857) ~[?:?]
	at javax.swing.text.DefaultCaret.changeCaretPosition(DefaultCaret.java:1343) ~[?:?]
	at javax.swing.text.DefaultCaret.handleSetDot(DefaultCaret.java:1242) ~[?:?]
	at javax.swing.text.DefaultCaret.setDot(DefaultCaret.java:1223) ~[?:?]
	at javax.swing.text.DefaultCaret$Handler.insertUpdate(DefaultCaret.java:1819) ~[?:?]
	at javax.swing.text.AbstractDocument.fireInsertUpdate(AbstractDocument.java:227) ~[?:?]
	at javax.swing.text.AbstractDocument.handleInsertString(AbstractDocument.java:781) ~[?:?]
	at javax.swing.text.AbstractDocument.insertString(AbstractDocument.java:740) ~[?:?]
	at javax.swing.text.PlainDocument.insertString(PlainDocument.java:131) ~[?:?]
	at javax.swing.text.AbstractDocument.replace(AbstractDocument.java:699) ~[?:?]
	at javax.swing.text.JTextComponent.setText(JTextComponent.java:1725) ~[?:?]
	at com.st.microxplorer.plugins.projectmanager.gui.ProjectChoiceTab.createHeapStackFields(ProjectChoiceTab.java:993) ~[filemanager.jar:?]
	at com.st.microxplorer.plugins.projectmanager.gui.ProjectChoiceTab.buildLinkSettingsPanel(ProjectChoiceTab.java:3813) ~[filemanager.jar:?]
	at com.st.microxplorer.plugins.projectmanager.gui.ProjectChoiceTab.defineWindowsFields(ProjectChoiceTab.java:1987) ~[filemanager.jar:?]
	at com.st.microxplorer.plugins.projectmanager.gui.ProjectChoiceTab.updateSettings(ProjectChoiceTab.java:558) ~[filemanager.jar:?]
	at com.st.microxplorer.plugins.projectmanager.gui.ProjectSettingsPanel.UpdateDialog(ProjectSettingsPanel.java:247) ~[filemanager.jar:?]
	at com.st.microxplorer.plugins.projectmanager.ProjectManagerView.propertyChange(ProjectManagerView.java:392) ~[filemanager.jar:?]
	at java.beans.PropertyChangeSupport.fire(PropertyChangeSupport.java:343) ~[?:?]
	at java.beans.PropertyChangeSupport.firePropertyChange(PropertyChangeSupport.java:335) ~[?:?]
	at java.beans.PropertyChangeSupport.firePropertyChange(PropertyChangeSupport.java:268) ~[?:?]
	at com.st.microxplorer.util.MXPropertyChangeSupport.firePropertyChange(MXPropertyChangeSupport.java:54) ~[STM32CubeMX.jar:?]
	at com.st.microxplorer.mxsystem.MxSystem.closeConfig(MxSystem.java:899) ~[STM32CubeMX.jar:?]
	at com.st.microxplorer.maingui.MainPanel.closeConfig(MainPanel.java:792) ~[STM32CubeMX.jar:?]
	at com.st.microxplorer.plugins.filemanager.engine.OpenFileManager.loadConfigurationFile(OpenFileManager.java:288) ~[filemanager.jar:?]
	at com.st.microxplorer.plugins.filemanager.engine.MainFileManager.userLoadConfig(MainFileManager.java:364) ~[filemanager.jar:?]
	at com.st.microxplorer.plugins.filemanager.engine.MainFileManager.userLoadConfig(MainFileManager.java:342) ~[filemanager.jar:?]
	at com.st.microxplorer.plugins.filemanager.FileManagerView.getSpecificTask(FileManagerView.java:264) ~[filemanager.jar:?]
	at com.st.stm32cube.common.mx.editor.CubeMxEditor.getMxTabbedPaneInstance(CubeMxEditor.java:1198) ~[com.st.stm32cube.common.mx_6.15.0.202507011659/:?]
	at com.st.stm32cube.common.mx.editor.CubeMxEditor$12$1.createSwingComponent(CubeMxEditor.java:1068) ~[com.st.stm32cube.common.mx_6.15.0.202507011659/:?]
	at com.st.stm32cube.common.mx.oss.core.awtswtbridge.EmbeddedSwingComposite.doComponentCreation(EmbeddedSwingComposite.java:492) ~[com.st.stm32cube.common.mx.oss_6.15.0.202507011659/:?]
	at com.st.stm32cube.common.mx.oss.core.awtswtbridge.EmbeddedSwingComposite$4.run(EmbeddedSwingComposite.java:291) ~[com.st.stm32cube.common.mx.oss_6.15.0.202507011659/:?]
	at com.st.stm32cube.common.mx.oss.core.awtswtbridge.AwtEnvironment$2.run(AwtEnvironment.java:166) ~[com.st.stm32cube.common.mx.oss_6.15.0.202507011659/:?]
	at java.awt.event.InvocationEvent.dispatch(InvocationEvent.java:318) ~[?:?]
	at java.awt.EventQueue.dispatchEventImpl(EventQueue.java:773) ~[?:?]
	at java.awt.EventQueue$4.run(EventQueue.java:720) ~[?:?]
	at java.awt.EventQueue$4.run(EventQueue.java:714) ~[?:?]
	at java.security.AccessController.doPrivileged(AccessController.java:400) ~[?:?]
	at java.security.ProtectionDomain$JavaSecurityAccessImpl.doIntersectionPrivilege(ProtectionDomain.java:87) ~[?:?]
	at java.awt.EventQueue.dispatchEvent(EventQueue.java:742) ~[?:?]
	at java.awt.EventDispatchThread.pumpOneEventForFilters(EventDispatchThread.java:203) ~[?:?]
	at java.awt.EventDispatchThread.pumpEventsForFilter(EventDispatchThread.java:124) ~[?:?]
	at java.awt.EventDispatchThread.pumpEventsForHierarchy(EventDispatchThread.java:113) ~[?:?]
	at java.awt.EventDispatchThread.pumpEvents(EventDispatchThread.java:109) ~[?:?]
	at java.awt.EventDispatchThread.pumpEvents(EventDispatchThread.java:101) ~[?:?]
	at java.awt.EventDispatchThread.run(EventDispatchThread.java:90) ~[?:?]
2026-08-31 09:06:33,897 [WARN] ThirdParty:871 - waiting for thirdparty lock release [close project]
2026-08-31 09:06:33,897 [INFO] ThirdParty:873 - entering critical section [close project]
2026-08-31 09:06:33,898 [INFO] ThirdParty:883 - exiting critical section [close project]
2026-08-31 09:06:33,910 [INFO] PinOutPanel:1589 - setPackage(No Configuration,No Configuration)
2026-08-31 09:06:33,966 [WARN] IpParametersView:155 - Warning: This peripheral hasn't parameters
2026-08-31 09:06:34,067 [WARN] MainPanel:289 - <html><b><center>Warning: This peripheral has no parameters to be configured<br></b></html>
2026-08-31 09:06:34,096 [INFO] UtilMem:75 - Begin LoadConfig() Used Memory: 817783704 Bytes (1073741824)
2026-08-31 09:06:34,101 [INFO] MicroXplorer:468 - Change Database Path : 
2026-08-31 09:06:34,102 [INFO] MicroXplorer:498 - Change Database Version : DB.6.0.150
2026-08-31 09:06:34,103 [INFO] OpenFileManager:355 - Change cursor
2026-08-31 09:06:34,269 [INFO] RulesReader:64 - Compatibility file has been processed (317 Rules)
2026-08-31 09:06:34,326 [INFO] Mcu:2029 - Initializing MCU STM32F411V(C-E)Tx STM32F411VETx STM32F411VET6
2026-08-31 09:06:36,692 [INFO] Context:786 - Trying to add GPIOservice into a context  which must be forbidden
2026-08-31 09:06:37,817 [INFO] ImportTextPane:234 - (OptionalMessage_ERROR) Pin43 (VP_RIF_VS_RIF1) cannot be retrieved for this MCU
2026-08-31 09:06:38,017 [INFO] RtosManager:558 - Registered RTOS mode: class=CMSIS, group=RTOS, mode=CMSIS_V1, owner=FREERTOS
2026-08-31 09:06:38,017 [INFO] RtosManager:558 - Registered RTOS mode: class=CMSIS, group=RTOS2, mode=CMSIS_V2, owner=FREERTOS
2026-08-31 09:06:38,017 [INFO] RtosManager:558 - Registered RTOS mode: class=RTOS, group=Core, mode=CMSIS_V1, owner=FREERTOS
2026-08-31 09:06:38,017 [INFO] RtosManager:558 - Registered RTOS mode: class=RTOS, group=Core, mode=CMSIS_V2, owner=FREERTOS
2026-08-31 09:06:38,017 [WARN] ModelIntegratedComponent:184 - Missing modes for component STMicroelectronics:FreeRTOS:0.0.1:STMicroelectronics:RTOS:FreeRTOS:Core:::10.2.0:
2026-08-31 09:06:38,118 [WARN] ModelIntegratedComponent:63 - No mode defined for component null
2026-08-31 09:06:38,119 [WARN] ModelIntegratedComponent:63 - No mode defined for component null
2026-08-31 09:06:38,119 [WARN] ModelIntegratedComponent:63 - No mode defined for component null
2026-08-31 09:06:38,119 [WARN] ModelIntegratedComponent:63 - No mode defined for component null
2026-08-31 09:06:38,119 [WARN] ModelIntegratedComponent:63 - No mode defined for component null
2026-08-31 09:06:38,119 [WARN] ModelIntegratedComponent:63 - No mode defined for component null
2026-08-31 09:06:38,119 [WARN] ModelIntegratedComponent:63 - No mode defined for component null
2026-08-31 09:06:38,119 [WARN] ModelIntegratedComponent:63 - No mode defined for component null
2026-08-31 09:06:38,119 [WARN] ModelIntegratedComponent:63 - No mode defined for component null
2026-08-31 09:06:38,119 [WARN] ModelIntegratedComponent:63 - No mode defined for component null
2026-08-31 09:06:38,119 [WARN] ModelIntegratedComponent:63 - No mode defined for component null
2026-08-31 09:06:38,119 [WARN] ModelIntegratedComponent:63 - No mode defined for component null
2026-08-31 09:06:38,119 [WARN] ModelIntegratedComponent:63 - No mode defined for component null
2026-08-31 09:06:38,119 [WARN] ModelIntegratedComponent:63 - No mode defined for component null
2026-08-31 09:06:38,119 [WARN] ModelIntegratedComponent:63 - No mode defined for component null
2026-08-31 09:06:38,120 [WARN] ModelIntegratedComponent:63 - No mode defined for component null
2026-08-31 09:06:38,120 [WARN] ModelIntegratedComponent:63 - No mode defined for component null
2026-08-31 09:06:38,120 [WARN] ModelIntegratedComponent:63 - No mode defined for component null
2026-08-31 09:06:38,121 [WARN] ModelIntegratedComponent:63 - No mode defined for component null
2026-08-31 09:06:38,121 [WARN] ModelIntegratedComponent:63 - No mode defined for component null
2026-08-31 09:06:38,121 [WARN] ModelIntegratedComponent:63 - No mode defined for component null
2026-08-31 09:06:38,123 [WARN] ModelIntegratedComponent:63 - No mode defined for component null
2026-08-31 09:06:38,123 [WARN] ModelIntegratedComponent:63 - No mode defined for component null
2026-08-31 09:06:38,126 [WARN] ModelIntegratedComponent:63 - No mode defined for component null
2026-08-31 09:06:38,127 [WARN] ModelIntegratedComponent:63 - No mode defined for component null
2026-08-31 09:06:38,129 [WARN] ModelIntegratedComponent:63 - No mode defined for component null
2026-08-31 09:06:38,129 [WARN] ModelIntegratedComponent:63 - No mode defined for component null
2026-08-31 09:06:38,129 [WARN] ModelIntegratedComponent:63 - No mode defined for component null
2026-08-31 09:06:38,129 [WARN] ModelIntegratedComponent:63 - No mode defined for component null
2026-08-31 09:06:38,129 [WARN] ModelIntegratedComponent:63 - No mode defined for component null
2026-08-31 09:06:38,129 [WARN] ModelIntegratedComponent:63 - No mode defined for component null
2026-08-31 09:06:38,129 [WARN] ModelIntegratedComponent:63 - No mode defined for component null
2026-08-31 09:06:38,129 [WARN] ModelIntegratedComponent:63 - No mode defined for component null
2026-08-31 09:06:38,129 [WARN] ModelIntegratedComponent:63 - No mode defined for component null
2026-08-31 09:06:38,129 [WARN] ModelIntegratedComponent:63 - No mode defined for component null
2026-08-31 09:06:38,130 [WARN] ModelPack:524 - Component already loaded: STMicroelectronics:HAL Drivers:0.0.0:STMicroelectronics:Device:STMicro_Driver:XSPI:HAL::0.0.1:HAL_XSPI
2026-08-31 09:06:38,135 [WARN] ModelIntegratedComponent:182 - Modes not found for component STMicroelectronics:USB_DEVICE:1.0.0:STMicroelectronics:USB::USB Device:Audio HS::1.0:USB_DEVICE_1_0_RESTRICTED_HS
2026-08-31 09:06:38,137 [WARN] ModelIntegratedComponent:188 - Modes not found for component STMicroelectronics:USB_DEVICE:1.0.0:STMicroelectronics:USB::USB Device:Audio HS::1.0:USB_DEVICE_1_0_RESTRICTED_HS
2026-08-31 09:06:38,138 [WARN] ModelIntegratedComponent:182 - Modes not found for component STMicroelectronics:USB_DEVICE:1.0.0:STMicroelectronics:USB::USB Device:CDC HS::1.0:USB_DEVICE_1_0_RESTRICTED_HS
2026-08-31 09:06:38,138 [WARN] ModelIntegratedComponent:188 - Modes not found for component STMicroelectronics:USB_DEVICE:1.0.0:STMicroelectronics:USB::USB Device:CDC HS::1.0:USB_DEVICE_1_0_RESTRICTED_HS
2026-08-31 09:06:38,140 [WARN] ModelIntegratedComponent:182 - Modes not found for component STMicroelectronics:USB_DEVICE:1.0.0:STMicroelectronics:USB::USB Device:DFU HS::1.0:USB_DEVICE_1_0_RESTRICTED_HS
2026-08-31 09:06:38,140 [WARN] ModelIntegratedComponent:188 - Modes not found for component STMicroelectronics:USB_DEVICE:1.0.0:STMicroelectronics:USB::USB Device:DFU HS::1.0:USB_DEVICE_1_0_RESTRICTED_HS
2026-08-31 09:06:38,140 [WARN] ModelIntegratedComponent:182 - Modes not found for component STMicroelectronics:USB_DEVICE:1.0.0:STMicroelectronics:USB::USB Device:HID HS::1.0:USB_DEVICE_1_0_RESTRICTED_HS
2026-08-31 09:06:38,140 [WARN] ModelIntegratedComponent:188 - Modes not found for component STMicroelectronics:USB_DEVICE:1.0.0:STMicroelectronics:USB::USB Device:HID HS::1.0:USB_DEVICE_1_0_RESTRICTED_HS
2026-08-31 09:06:38,140 [WARN] ModelIntegratedComponent:182 - Modes not found for component STMicroelectronics:USB_DEVICE:1.0.0:STMicroelectronics:USB::USB Device:Custom HID HS::1.0:USB_DEVICE_1_0_RESTRICTED_HS
2026-08-31 09:06:38,140 [WARN] ModelIntegratedComponent:188 - Modes not found for component STMicroelectronics:USB_DEVICE:1.0.0:STMicroelectronics:USB::USB Device:Custom HID HS::1.0:USB_DEVICE_1_0_RESTRICTED_HS
2026-08-31 09:06:38,140 [WARN] ModelIntegratedComponent:182 - Modes not found for component STMicroelectronics:USB_DEVICE:1.0.0:STMicroelectronics:USB::USB Device:MSC HS::1.0:USB_DEVICE_1_0_RESTRICTED_HS
2026-08-31 09:06:38,140 [WARN] ModelIntegratedComponent:188 - Modes not found for component STMicroelectronics:USB_DEVICE:1.0.0:STMicroelectronics:USB::USB Device:MSC HS::1.0:USB_DEVICE_1_0_RESTRICTED_HS
2026-08-31 09:06:38,177 [WARN] ModelIntegratedComponent:182 - Modes not found for component STMicroelectronics:USB_HOST:1.0.0:STMicroelectronics:USB::USB Host:Audio HS::1.0:USB_HOST_1_0_RESTRICTED_HS
2026-08-31 09:06:38,177 [WARN] ModelIntegratedComponent:188 - Modes not found for component STMicroelectronics:USB_HOST:1.0.0:STMicroelectronics:USB::USB Host:Audio HS::1.0:USB_HOST_1_0_RESTRICTED_HS
2026-08-31 09:06:38,177 [WARN] ModelIntegratedComponent:182 - Modes not found for component STMicroelectronics:USB_HOST:1.0.0:STMicroelectronics:USB::USB Host:CDC HS::1.0:USB_HOST_1_0_RESTRICTED_HS
2026-08-31 09:06:38,177 [WARN] ModelIntegratedComponent:188 - Modes not found for component STMicroelectronics:USB_HOST:1.0.0:STMicroelectronics:USB::USB Host:CDC HS::1.0:USB_HOST_1_0_RESTRICTED_HS
2026-08-31 09:06:38,177 [WARN] ModelIntegratedComponent:182 - Modes not found for component STMicroelectronics:USB_HOST:1.0.0:STMicroelectronics:USB::USB Host:MSC HS::1.0:USB_HOST_1_0_RESTRICTED_HS
2026-08-31 09:06:38,177 [WARN] ModelIntegratedComponent:188 - Modes not found for component STMicroelectronics:USB_HOST:1.0.0:STMicroelectronics:USB::USB Host:MSC HS::1.0:USB_HOST_1_0_RESTRICTED_HS
2026-08-31 09:06:38,178 [WARN] ModelIntegratedComponent:182 - Modes not found for component STMicroelectronics:USB_HOST:1.0.0:STMicroelectronics:USB::USB Host:HID HS::1.0:USB_HOST_1_0_RESTRICTED_HS
2026-08-31 09:06:38,178 [WARN] ModelIntegratedComponent:188 - Modes not found for component STMicroelectronics:USB_HOST:1.0.0:STMicroelectronics:USB::USB Host:HID HS::1.0:USB_HOST_1_0_RESTRICTED_HS
2026-08-31 09:06:38,178 [WARN] ModelIntegratedComponent:182 - Modes not found for component STMicroelectronics:USB_HOST:1.0.0:STMicroelectronics:USB::USB Host:MTP HS::1.0:USB_HOST_1_0_RESTRICTED_HS
2026-08-31 09:06:38,178 [WARN] ModelIntegratedComponent:188 - Modes not found for component STMicroelectronics:USB_HOST:1.0.0:STMicroelectronics:USB::USB Host:MTP HS::1.0:USB_HOST_1_0_RESTRICTED_HS
2026-08-31 09:06:38,378 [INFO] ThirdPartyModel:298 - Start build external matchings
2026-08-31 09:06:41,218 [INFO] ThirdPartyModel:316 - End build external matchings
2026-08-31 09:06:42,454 [INFO] UtilMem:75 - End LoadConfig() Used Memory: 938068184 Bytes (1073741824)
2026-08-31 09:06:43,011 [WARN] ThirdParty:833 - waiting for thirdparty lock release [change project]
2026-08-31 09:06:43,036 [INFO] ThirdParty:835 - entering critical section [change project]
2026-08-31 09:06:43,039 [INFO] ThirdParty:1030 - CMSIS Pack Vendor :STMicroelectronics X-CUBE-AZRTOS-H7 3.5.0
2026-08-31 09:06:43,040 [INFO] ThirdParty:1030 - CMSIS Pack Vendor :STMicroelectronics X-CUBE-PM33A1 1.0.0
2026-08-31 09:06:43,040 [INFO] ThirdParty:1030 - CMSIS Pack Vendor :STMicroelectronics USBPD 4.1
2026-08-31 09:06:43,040 [INFO] ThirdParty:1030 - CMSIS Pack Vendor :STMicroelectronics USB_HOST 2.0.0
2026-08-31 09:06:43,040 [INFO] ThirdParty:1030 - CMSIS Pack Vendor :STMicroelectronics FP-SNS-MOTENVWB1 1.4.0
2026-08-31 09:06:43,041 [INFO] ThirdParty:1030 - CMSIS Pack Vendor :STMicroelectronics FP-ATR-ASTRA1 2.0.3
2026-08-31 09:06:43,041 [INFO] ThirdParty:1030 - CMSIS Pack Vendor :STMicroelectronics X-CUBE-AZRTOS-F4 1.1.0
2026-08-31 09:06:43,041 [INFO] ThirdParty:1030 - CMSIS Pack Vendor :STMicroelectronics LIBJPEG 8.0.0
2026-08-31 09:06:43,041 [INFO] ThirdParty:1030 - CMSIS Pack Vendor :STMicroelectronics FP-ATR-ASTRA1 2.0.2
2026-08-31 09:06:43,041 [INFO] ThirdParty:1030 - CMSIS Pack Vendor :Avnet-IotConnect X-CUBE-IoTC-DA16k-PMOD 1.0.0
2026-08-31 09:06:43,041 [INFO] ThirdParty:1030 - CMSIS Pack Vendor :STMicroelectronics X-CUBE-SMBUS 2.1.0
2026-08-31 09:06:43,041 [INFO] ThirdParty:1030 - CMSIS Pack Vendor :STMicroelectronics X-CUBE-ISPU 2.1.0
2026-08-31 09:06:43,041 [INFO] ThirdParty:1030 - CMSIS Pack Vendor :STMicroelectronics X-CUBE-IPS 3.2.0
2026-08-31 09:06:43,041 [INFO] ThirdParty:1030 - CMSIS Pack Vendor :STMicroelectronics eDS-WB_DPC_TT-BIDIR 2.1.1
2026-08-31 09:06:43,041 [INFO] ThirdParty:1030 - CMSIS Pack Vendor :STMicroelectronics X-CUBE-ST60 1.0.0
2026-08-31 09:06:43,041 [INFO] ThirdParty:1030 - CMSIS Pack Vendor :STMicroelectronics X-CUBE-NFC12 1.0.0
2026-08-31 09:06:43,042 [INFO] ThirdParty:1030 - CMSIS Pack Vendor :STMicroelectronics X-CUBE-AZRTOS-F7 1.1.0
2026-08-31 09:06:43,044 [INFO] ThirdParty:1030 - CMSIS Pack Vendor :STMicroelectronics X-CUBE-AZRTOS-L5 2.0.0
2026-08-31 09:06:43,049 [INFO] ThirdParty:1030 - CMSIS Pack Vendor :STMicroelectronics USB_DEVICE 2.0.0
2026-08-31 09:06:43,049 [INFO] ThirdParty:1030 - CMSIS Pack Vendor :STMicroelectronics X-CUBE-FREERTOS 1.6.0
2026-08-31 09:06:43,050 [INFO] ThirdParty:1030 - CMSIS Pack Vendor :STMicroelectronics X-CUBE-NFC6 3.1.0
2026-08-31 09:06:43,050 [INFO] ThirdParty:1030 - CMSIS Pack Vendor :STMicroelectronics X-CUBE-ALGOBUILD 1.5.0
2026-08-31 09:06:43,050 [INFO] ThirdParty:1030 - CMSIS Pack Vendor :STMicroelectronics FP-SNS-MOTENV1 5.1.0
2026-08-31 09:06:43,051 [INFO] ThirdParty:1030 - CMSIS Pack Vendor :STMicroelectronics FreeRTOS 0.0.1
2026-08-31 09:06:43,052 [INFO] ThirdParty:1030 - CMSIS Pack Vendor :STMicroelectronics X-CUBE-AZRTOS-H7RS 1.3.0
2026-08-31 09:06:43,052 [INFO] ThirdParty:1030 - CMSIS Pack Vendor :STMicroelectronics eDS-WB_DPC_VIENNA 1.2.0
2026-08-31 09:06:43,052 [INFO] ThirdParty:1030 - CMSIS Pack Vendor :WES I-CUBE-Cesium 1.4.0
2026-08-31 09:06:43,052 [INFO] ThirdParty:1030 - CMSIS Pack Vendor :STMicroelectronics X-CUBE-MEMS1 13.0.0
2026-08-31 09:06:43,052 [INFO] ThirdParty:1030 - CMSIS Pack Vendor :STMicroelectronics eDS-WB_DPC_3PH2L-BIDIR 1.1.1
2026-08-31 09:06:43,052 [INFO] ThirdParty:1030 - CMSIS Pack Vendor :Infineon AIROC-Wi-Fi-Bluetooth-STM32 1.7.1
2026-08-31 09:06:43,052 [INFO] ThirdParty:1030 - CMSIS Pack Vendor :STMicroelectronics PDM2PCM 3.3.0
2026-08-31 09:06:43,052 [INFO] ThirdParty:1030 - CMSIS Pack Vendor :STMicroelectronics X-CUBE-AZRTOS-H7 3.4.0
2026-08-31 09:06:43,052 [INFO] ThirdParty:1030 - CMSIS Pack Vendor :STMicroelectronics X-CUBE-DISPLAY 3.0.0
2026-08-31 09:06:43,052 [INFO] ThirdParty:1030 - CMSIS Pack Vendor :STMicroelectronics X-CUBE-GNSS1 7.1.1
2026-08-31 09:06:43,052 [INFO] ThirdParty:1030 - CMSIS Pack Vendor :STMicroelectronics FP-SNS-MOTENVWB1 1.5.0
2026-08-31 09:06:43,052 [INFO] ThirdParty:1030 - CMSIS Pack Vendor :STMicroelectronics X-CUBE-NFC10 1.0.0
2026-08-31 09:06:43,052 [INFO] ThirdParty:1030 - CMSIS Pack Vendor :STMicroelectronics X-CUBE-FREERTOS 1.3.1
2026-08-31 09:06:43,052 [INFO] ThirdParty:1030 - CMSIS Pack Vendor :STMicroelectronics HAL Drivers 0.0.0
2026-08-31 09:06:43,052 [INFO] ThirdParty:1030 - CMSIS Pack Vendor :STMicroelectronics X-CUBE-ST60 1.1.0
2026-08-31 09:06:43,052 [INFO] ThirdParty:1030 - CMSIS Pack Vendor :emotas I-CUBE-CANOPEN 1.3.0
2026-08-31 09:06:43,052 [INFO] ThirdParty:1030 - CMSIS Pack Vendor :STMicroelectronics MBEDTLS 2.14.1
2026-08-31 09:06:43,052 [INFO] ThirdParty:1030 - CMSIS Pack Vendor :STMicroelectronics X-CUBE-TOUCHGFX 4.26.1
2026-08-31 09:06:43,052 [INFO] ThirdParty:1030 - CMSIS Pack Vendor :STMicroelectronics FP-SNS-STBOX1 2.1.0
2026-08-31 09:06:43,052 [INFO] ThirdParty:1030 - CMSIS Pack Vendor :STMicroelectronics FP-SNS-STAIOTCFT 1.0.0
2026-08-31 09:06:43,053 [INFO] ThirdParty:1030 - CMSIS Pack Vendor :STMicroelectronics FP-SNS-SMARTAG2 1.2.0
2026-08-31 09:06:43,053 [INFO] ThirdParty:1030 - CMSIS Pack Vendor :STMicroelectronics FP-SNS-FLIGHT1 5.1.0
2026-08-31 09:06:43,053 [INFO] ThirdParty:1030 - CMSIS Pack Vendor :STMicroelectronics X-CUBE-AZRTOS-WL 2.0.0
2026-08-31 09:06:43,053 [INFO] ThirdParty:1030 - CMSIS Pack Vendor :STMicroelectronics X-CUBE-DPower 1.3.0
2026-08-31 09:06:43,053 [INFO] ThirdParty:1030 - CMSIS Pack Vendor :STMicroelectronics FP-SNS-MOTENV1 5.0.0
2026-08-31 09:06:43,053 [INFO] ThirdParty:1030 - CMSIS Pack Vendor :STMicroelectronics USB_DEVICE 1.0.0
2026-08-31 09:06:43,053 [INFO] ThirdParty:1030 - CMSIS Pack Vendor :STMicroelectronics X-CUBE-AZRTOS-H7RS 1.2.0
2026-08-31 09:06:43,053 [INFO] ThirdParty:1030 - CMSIS Pack Vendor :STMicroelectronics X-CUBE-AZRTOS-L4 2.0.0
2026-08-31 09:06:43,053 [INFO] ThirdParty:1030 - CMSIS Pack Vendor :STMicroelectronics ThreadX 0.0.2
2026-08-31 09:06:43,053 [INFO] ThirdParty:1030 - CMSIS Pack Vendor :WES I-CUBE-Cesium 1.3.0
2026-08-31 09:06:43,053 [INFO] ThirdParty:1030 - CMSIS Pack Vendor :STMicroelectronics lwIP 2.1.2
2026-08-31 09:06:43,053 [INFO] ThirdParty:1030 - CMSIS Pack Vendor :STMicroelectronics X-CUBE-SFXS2LP1 4.0.0
2026-08-31 09:06:43,053 [INFO] ThirdParty:1030 - CMSIS Pack Vendor :STMicroelectronics X-CUBE-BLE2 3.3.0
2026-08-31 09:06:43,053 [INFO] ThirdParty:1030 - CMSIS Pack Vendor :Avnet-IOTCONNECT X-CUBE-iotc-st67-sdk 1.0.0
2026-08-31 09:06:43,053 [INFO] ThirdParty:1030 - CMSIS Pack Vendor :STMicroelectronics PDM2PCM 3.2.0
2026-08-31 09:06:43,053 [INFO] ThirdParty:1030 - CMSIS Pack Vendor :STMicroelectronics X-CUBE-WB05N 2.1.0
2026-08-31 09:06:43,053 [INFO] ThirdParty:1030 - CMSIS Pack Vendor :STMicroelectronics X-CUBE-NFC9 1.0.0
2026-08-31 09:06:43,053 [INFO] ThirdParty:1030 - CMSIS Pack Vendor :wolfSSL I-CUBE-wolfSSL 5.8.2
2026-08-31 09:06:43,053 [INFO] ThirdParty:1030 - CMSIS Pack Vendor :STMicroelectronics X-CUBE-BLE1 7.1.0
2026-08-31 09:06:43,054 [INFO] ThirdParty:1030 - CMSIS Pack Vendor :wolfSSL I-CUBE-wolfMQTT 1.19.2
2026-08-31 09:06:43,055 [INFO] ThirdParty:1030 - CMSIS Pack Vendor :STMicroelectronics USB_DEVICE 3.0.0
2026-08-31 09:06:43,055 [INFO] ThirdParty:1030 - CMSIS Pack Vendor :STMicroelectronics X-CUBE-EEPRMA1 5.2.0
2026-08-31 09:06:43,056 [INFO] ThirdParty:1030 - CMSIS Pack Vendor :STMicroelectronics X-CUBE-BLEMGR 4.1.0
2026-08-31 09:06:43,065 [INFO] ThirdParty:1030 - CMSIS Pack Vendor :STMicroelectronics X-CUBE-AZRTOS-WB 2.0.0
2026-08-31 09:06:43,074 [INFO] ThirdParty:1030 - CMSIS Pack Vendor :STMicroelectronics X-CUBE-GNSS1 7.0.1
2026-08-31 09:06:43,076 [INFO] ThirdParty:1030 - CMSIS Pack Vendor :STMicroelectronics X-CUBE-TOUCHGFX 4.25.0
2026-08-31 09:06:43,077 [INFO] ThirdParty:1030 - CMSIS Pack Vendor :STMicroelectronics FP-SNS-STAIOTCFT 1.1.0
2026-08-31 09:06:43,077 [INFO] ThirdParty:1030 - CMSIS Pack Vendor :quantropi X-CUBE-qispace-sdk-base 2.1.0
2026-08-31 09:06:43,077 [INFO] ThirdParty:1030 - CMSIS Pack Vendor :STMicroelectronics X-CUBE-STSE01 2.0.0
2026-08-31 09:06:43,077 [INFO] ThirdParty:1030 - CMSIS Pack Vendor :STMicroelectronics X-CUBE-AZRTOS-G0 1.1.0
2026-08-31 09:06:43,077 [INFO] ThirdParty:1030 - CMSIS Pack Vendor :STMicroelectronics X-CUBE-SAFEA1 1.2.2
2026-08-31 09:06:43,077 [INFO] ThirdParty:1030 - CMSIS Pack Vendor :STMicroelectronics X-CUBE-NFC4 3.0.0
2026-08-31 09:06:43,077 [INFO] ThirdParty:1030 - CMSIS Pack Vendor :STMicroelectronics X-CUBE-SUBG2 5.0.0
2026-08-31 09:06:43,077 [INFO] ThirdParty:1030 - CMSIS Pack Vendor :STMicroelectronics X-CUBE-AZRTOS-H7RS 1.1.0
2026-08-31 09:06:43,077 [INFO] ThirdParty:1030 - CMSIS Pack Vendor :STMicroelectronics STM32_WPAN 1.0.0
2026-08-31 09:06:43,077 [INFO] ThirdParty:1030 - CMSIS Pack Vendor :EmbeddedOffice I-CUBE-FS-RTOS 1.0.1
2026-08-31 09:06:43,077 [INFO] ThirdParty:1030 - CMSIS Pack Vendor :STMicroelectronics lwIP 2.0.3
2026-08-31 09:06:43,077 [INFO] ThirdParty:1030 - CMSIS Pack Vendor :Cesanta I-CUBE-Mongoose 7.13.0
2026-08-31 09:06:43,077 [INFO] ThirdParty:1030 - CMSIS Pack Vendor :STMicroelectronics USB_HOST 1.0.0
2026-08-31 09:06:43,077 [INFO] ThirdParty:1030 - CMSIS Pack Vendor :STMicroelectronics X-CUBE-AZRTOS-G4 2.0.0
2026-08-31 09:06:43,077 [INFO] ThirdParty:1030 - CMSIS Pack Vendor :STMicroelectronics X-CUBE-WB05N 2.0.0
2026-08-31 09:06:43,078 [INFO] ThirdParty:1030 - CMSIS Pack Vendor :STMicroelectronics PDM2PCM 3.1.0
2026-08-31 09:06:43,078 [INFO] ThirdParty:1030 - CMSIS Pack Vendor :wolfSSL I-CUBE-wolfTPM 3.8.0
2026-08-31 09:06:43,078 [INFO] ThirdParty:1030 - CMSIS Pack Vendor :wolfSSL I-CUBE-wolfSSH 1.4.20
2026-08-31 09:06:43,078 [INFO] ThirdParty:1030 - CMSIS Pack Vendor :STMicroelectronics X-CUBE-NFC7 2.0.0
2026-08-31 09:06:43,078 [INFO] ThirdParty:1030 - CMSIS Pack Vendor :STMicroelectronics X-CUBE-TCPP 4.2.0
2026-08-31 09:06:43,078 [INFO] ThirdParty:1030 - CMSIS Pack Vendor :RealThread X-CUBE-RT-Thread_Nano 4.1.1
2026-08-31 09:06:43,078 [INFO] ThirdParty:1030 - CMSIS Pack Vendor :STMicroelectronics FP-ATR-SIGFOX1 3.2.0
2026-08-31 09:06:43,078 [INFO] ThirdParty:1030 - CMSIS Pack Vendor :STMicroelectronics X-CUBE-FREERTOS 1.5.0
2026-08-31 09:06:43,078 [INFO] ThirdParty:1030 - CMSIS Pack Vendor :STMicroelectronics MBEDTLS 2.16.2
2026-08-31 09:06:43,078 [INFO] ThirdParty:1030 - CMSIS Pack Vendor :STMicroelectronics X-CUBE-IPS 3.1.0
2026-08-31 09:06:43,078 [INFO] ThirdParty:1030 - CMSIS Pack Vendor :STMicroelectronics X-CUBE-ALS 1.0.2
2026-08-31 09:06:43,078 [INFO] ThirdParty:1030 - CMSIS Pack Vendor :ITTIA_DB I-CUBE-ITTIADB 8.9.0
2026-08-31 09:06:43,079 [INFO] ThirdParty:1030 - CMSIS Pack Vendor :portGmbH I-Cube-SoM-uGOAL 1.1.0
2026-08-31 09:06:43,079 [INFO] ThirdParty:1030 - CMSIS Pack Vendor :STMicroelectronics X-CUBE-NFC6 3.2.0
2026-08-31 09:06:43,079 [INFO] ThirdParty:1030 - CMSIS Pack Vendor :STMicroelectronics X-CUBE-ST67W61 1.0.0
2026-08-31 09:06:43,079 [INFO] ThirdParty:1030 - CMSIS Pack Vendor :STMicroelectronics X-CUBE-AI 10.2.1
2026-08-31 09:06:43,079 [INFO] ThirdParty:1030 - CMSIS Pack Vendor :STMicroelectronics X-CUBE-AI 10.2.0
2026-08-31 09:06:43,079 [INFO] ThirdParty:1030 - CMSIS Pack Vendor :STMicroelectronics ThreadX 1.0.0
2026-08-31 09:06:43,079 [INFO] ThirdParty:1030 - CMSIS Pack Vendor :STMicroelectronics X-CUBE-MEMS1 12.1.0
2026-08-31 09:06:43,080 [INFO] ThirdParty:1030 - CMSIS Pack Vendor :SEGGER I-CUBE-embOS 1.3.1
2026-08-31 09:06:43,080 [INFO] ThirdParty:1030 - CMSIS Pack Vendor :STMicroelectronics X-CUBE-ALGOBUILD 1.4.0
2026-08-31 09:06:43,080 [INFO] ThirdParty:1030 - CMSIS Pack Vendor :STMicroelectronics X-CUBE-MEMS1 11.3.0
2026-08-31 09:06:43,081 [INFO] ThirdParty:1030 - CMSIS Pack Vendor :STMicroelectronics X-CUBE-TOF1 3.4.3
2026-08-31 09:06:43,081 [INFO] ThirdParty:1030 - CMSIS Pack Vendor :STMicroelectronics X-CUBE-NFC13 1.0.0
2026-08-31 09:06:43,098 [INFO] ThirdParty:841 - exiting critical section [change project]
2026-08-31 09:06:44,606 [INFO] PinOutPanel:1589 - setPackage(No Configuration,No Configuration)
2026-08-31 09:06:44,618 [INFO] PinOutPanel:1589 - setPackage(STM32F411VETx,LQFP100)
2026-08-31 09:06:45,430 [INFO] UtilMem:75 - Before build in PCC Used Memory: 790073120 Bytes (1073741824)
2026-08-31 09:06:46,506 [INFO] UtilMem:75 - After build in PCC Used Memory: 834639648 Bytes (1073741824)
2026-08-31 09:06:46,579 [INFO] IPUIPlugin:80 - create IPUIPlugin
2026-08-31 09:06:46,581 [INFO] IPUIPlugin:80 - create IPUIPlugin
2026-08-31 09:06:46,581 [INFO] IPUIPlugin:80 - create IPUIPlugin
2026-08-31 09:06:46,582 [INFO] IPUIPlugin:80 - create IPUIPlugin
2026-08-31 09:06:46,582 [INFO] IPUIPlugin:80 - create IPUIPlugin
2026-08-31 09:06:46,582 [INFO] IPUIPlugin:80 - create IPUIPlugin
2026-08-31 09:06:46,583 [INFO] IPUIPlugin:80 - create IPUIPlugin
2026-08-31 09:06:46,583 [INFO] IPUIPlugin:80 - create IPUIPlugin
2026-08-31 09:06:46,583 [INFO] IPUIPlugin:80 - create IPUIPlugin
2026-08-31 09:06:46,584 [INFO] IPUIPlugin:80 - create IPUIPlugin
2026-08-31 09:06:46,586 [INFO] IPUIPlugin:80 - create IPUIPlugin
2026-08-31 09:06:46,587 [INFO] IPUIPlugin:80 - create IPUIPlugin
2026-08-31 09:06:46,587 [INFO] IPUIPlugin:80 - create IPUIPlugin
2026-08-31 09:06:46,587 [INFO] IPUIPlugin:80 - create IPUIPlugin
2026-08-31 09:06:46,587 [INFO] IPUIPlugin:80 - create IPUIPlugin
2026-08-31 09:06:46,588 [INFO] IPUIPlugin:80 - create IPUIPlugin
2026-08-31 09:06:46,588 [INFO] IPUIPlugin:80 - create IPUIPlugin
2026-08-31 09:06:46,588 [INFO] IPUIPlugin:80 - create IPUIPlugin
2026-08-31 09:06:46,589 [INFO] IPUIPlugin:80 - create IPUIPlugin
2026-08-31 09:06:46,589 [INFO] IPUIPlugin:80 - create IPUIPlugin
2026-08-31 09:06:46,589 [INFO] IPUIPlugin:80 - create IPUIPlugin
2026-08-31 09:06:46,590 [INFO] IPUIPlugin:80 - create IPUIPlugin
2026-08-31 09:06:46,590 [INFO] IPUIPlugin:80 - create IPUIPlugin
2026-08-31 09:06:46,590 [INFO] IPUIPlugin:80 - create IPUIPlugin
2026-08-31 09:06:46,590 [INFO] IPUIPlugin:80 - create IPUIPlugin
2026-08-31 09:06:46,590 [INFO] IPUIPlugin:80 - create IPUIPlugin
2026-08-31 09:06:46,590 [INFO] IPUIPlugin:80 - create IPUIPlugin
2026-08-31 09:06:46,591 [INFO] IPUIPlugin:80 - create IPUIPlugin
2026-08-31 09:06:46,591 [INFO] IPUIPlugin:80 - create IPUIPlugin
2026-08-31 09:06:46,591 [INFO] IPUIPlugin:80 - create IPUIPlugin
2026-08-31 09:06:46,591 [INFO] IPUIPlugin:80 - create IPUIPlugin
2026-08-31 09:06:46,591 [INFO] IPUIPlugin:80 - create IPUIPlugin
2026-08-31 09:06:46,591 [INFO] IPUIPlugin:80 - create IPUIPlugin
2026-08-31 09:06:46,592 [INFO] IPUIPlugin:80 - create IPUIPlugin
2026-08-31 09:06:46,592 [INFO] IPUIPlugin:80 - create IPUIPlugin
2026-08-31 09:06:46,592 [INFO] IPUIPlugin:80 - create IPUIPlugin
2026-08-31 09:06:46,592 [INFO] IPUIPlugin:80 - create IPUIPlugin
2026-08-31 09:06:46,593 [INFO] IPUIPlugin:80 - create IPUIPlugin
2026-08-31 09:06:46,594 [INFO] IPUIPlugin:80 - create IPUIPlugin
2026-08-31 09:06:46,596 [INFO] IPUIPlugin:80 - create IPUIPlugin
2026-08-31 09:06:46,600 [INFO] IPUIPlugin:80 - create IPUIPlugin
2026-08-31 09:06:46,600 [INFO] IPUIPlugin:80 - create IPUIPlugin
2026-08-31 09:06:46,601 [INFO] IPUIPlugin:80 - create IPUIPlugin
2026-08-31 09:06:46,610 [INFO] ApiDbMcu:532 - Load IP Config File for PDM2PCM
2026-08-31 09:06:46,713 [INFO] CADModel:165 - CPN selected for project levelSTM32F411VET6
2026-08-31 09:06:46,713 [INFO] CADModel:114 - Register for checkConnection events
2026-08-31 09:06:46,769 [INFO] OpenFileManager:386 - Restore cursor
2026-08-31 09:51:01,077 [INFO] WebApp:194 - Connection lost
2026-08-31 09:51:02,993 [INFO] WebApp:191 - Connection restablished
2026-08-31 10:45:03,340 [INFO] WebApp:194 - Connection lost
2026-08-31 10:45:04,355 [INFO] WebApp:191 - Connection restablished
2026-08-31 10:45:08,365 [INFO] WebApp:194 - Connection lost
2026-08-31 10:45:09,703 [INFO] WebApp:191 - Connection restablished
2026-08-31 11:33:58,309 [INFO] WebApp:194 - Connection lost
2026-08-31 11:33:58,827 [INFO] WebApp:191 - Connection restablished
2026-08-31 11:34:03,580 [INFO] WebApp:194 - Connection lost
2026-08-31 11:34:06,558 [INFO] WebApp:191 - Connection restablished
2026-08-31 12:17:02,433 [INFO] WebApp:194 - Connection lost
2026-08-31 12:17:02,873 [INFO] WebApp:191 - Connection restablished
2026-08-31 12:17:05,822 [INFO] WebApp:194 - Connection lost
2026-08-31 12:20:27,319 [INFO] WebApp:191 - Connection restablished
