2026-09-18 14:27:00,320 [ERROR] LogOutputStream:75 - [STDERR_REDIRECT] 
2026-09-18 14:27:17,938 [INFO] Activator:176 - 


2026-09-18 14:27:17,940 [INFO] Activator:177 - !SESSION log4j initialized
2026-09-18 14:27:20,089 [ERROR] LogOutputStream:75 - [STDERR_REDIRECT] 
2026-09-18 14:27:20,621 [INFO] LogOutputStream:77 - [STDOUT_REDIRECT] 
2026-09-18 14:27:22,027 [INFO] LogOutputStream:77 - [STDOUT_REDIRECT] 
2026-09-18 14:27:24,814 [INFO] ApplicationProperties:184 - Using Application install path: /Applications/STM32CubeIDE.app/Contents/Eclipse/plugins/com.st.stm32cube.common.mx_6.15.0.202507011659
2026-09-18 14:27:24,834 [INFO] DbMcusXml:78 - Set database path to: /Applications/STM32CubeIDE.app/Contents/Eclipse/plugins/com.st.stm32cube.common.mx_6.15.0.202507011659//db//mcu/
2026-09-18 14:27:24,835 [INFO] ApiDb:274 - Set plugin database path to: /Applications/STM32CubeIDE.app/Contents/Eclipse/plugins/com.st.stm32cube.common.mx_6.15.0.202507011659//db//plugins/boardmanager/
2026-09-18 14:27:24,835 [WARN] ApiDb:259 - Overriding images path with different value:  => /Applications/STM32CubeIDE.app/Contents/Eclipse/plugins/com.st.stm32cube.common.mx_6.15.0.202507011659//db//plugins/mcufinder/images/
2026-09-18 14:27:24,839 [INFO] ApiDb:250 - Set database path to: /Users/MAC/.stmcufinder/plugins/mcufinder//mcu/
2026-09-18 14:27:24,840 [INFO] DbMcusAds:125 - Set database path to: /Users/MAC/.stmcufinder/plugins/mcufinder//mcu/
2026-09-18 14:27:24,842 [INFO] CrossReferenceDbSqlite:203 - Set database path to: /Users/MAC/.stmcufinder/plugins/mcufinder//mcu/cs/
2026-09-18 14:27:24,990 [INFO] RulesReader:64 - Compatibility file has been processed (317 Rules)
2026-09-18 14:27:25,041 [INFO] DbMcusXml:78 - Set database path to: /Applications/STM32CubeIDE.app/Contents/Eclipse/plugins/com.st.stm32cube.common.mx_6.15.0.202507011659//db//mcu/
2026-09-18 14:27:25,042 [INFO] ApiDb:274 - Set plugin database path to: /Applications/STM32CubeIDE.app/Contents/Eclipse/plugins/com.st.stm32cube.common.mx_6.15.0.202507011659//db//plugins/boardmanager/
2026-09-18 14:27:25,042 [INFO] ApiDb:261 - Set plugin images path to: /Applications/STM32CubeIDE.app/Contents/Eclipse/plugins/com.st.stm32cube.common.mx_6.15.0.202507011659//db//plugins/mcufinder/images/
2026-09-18 14:27:25,042 [WARN] DbFile:41 - Overriding database path with different value: /Users/MAC/.stmcufinder/plugins/mcufinder/ => /Users/MAC/.stmcufinder/plugins/mcufinder
2026-09-18 14:27:25,042 [INFO] ApiDb:250 - Set database path to: /Users/MAC/.stmcufinder/plugins/mcufinder//mcu/
2026-09-18 14:27:25,042 [WARN] DbFile:41 - Overriding database path with different value: /Users/MAC/.stmcufinder/plugins/mcufinder/ => /Users/MAC/.stmcufinder/plugins/mcufinder
2026-09-18 14:27:25,042 [INFO] DbMcusAds:125 - Set database path to: /Users/MAC/.stmcufinder/plugins/mcufinder//mcu/
2026-09-18 14:27:25,042 [WARN] DbFile:41 - Overriding database path with different value: /Users/MAC/.stmcufinder/plugins/mcufinder/ => /Users/MAC/.stmcufinder/plugins/mcufinder
2026-09-18 14:27:25,042 [WARN] DbFile:41 - Overriding database path with different value: /Users/MAC/.stmcufinder/plugins/mcufinder/ => /Users/MAC/.stmcufinder/plugins/mcufinder
2026-09-18 14:27:25,043 [INFO] CrossReferenceDbSqlite:203 - Set database path to: /Users/MAC/.stmcufinder/plugins/mcufinder//mcu/cs/
2026-09-18 14:27:25,105 [INFO] MainPanel:274 - HeapMemory: 268435456
2026-09-18 14:27:25,838 [INFO] DbMcusXml:78 - Set database path to: /Applications/STM32CubeIDE.app/Contents/Eclipse/plugins/com.st.stm32cube.common.mx_6.15.0.202507011659//db//mcu/
2026-09-18 14:27:25,843 [INFO] ApiDb:274 - Set plugin database path to: /Applications/STM32CubeIDE.app/Contents/Eclipse/plugins/com.st.stm32cube.common.mx_6.15.0.202507011659//db//plugins/boardmanager/
2026-09-18 14:27:25,848 [INFO] ApiDb:261 - Set plugin images path to: /Applications/STM32CubeIDE.app/Contents/Eclipse/plugins/com.st.stm32cube.common.mx_6.15.0.202507011659//db//plugins/mcufinder/images/
2026-09-18 14:27:25,850 [WARN] DbFile:41 - Overriding database path with different value: /Users/MAC/.stmcufinder/plugins/mcufinder/ => /Users/MAC/.stmcufinder/plugins/mcufinder
2026-09-18 14:27:25,850 [INFO] ApiDb:250 - Set database path to: /Users/MAC/.stmcufinder/plugins/mcufinder//mcu/
2026-09-18 14:27:25,850 [WARN] DbFile:41 - Overriding database path with different value: /Users/MAC/.stmcufinder/plugins/mcufinder/ => /Users/MAC/.stmcufinder/plugins/mcufinder
2026-09-18 14:27:25,850 [INFO] DbMcusAds:125 - Set database path to: /Users/MAC/.stmcufinder/plugins/mcufinder//mcu/
2026-09-18 14:27:25,850 [WARN] DbFile:41 - Overriding database path with different value: /Users/MAC/.stmcufinder/plugins/mcufinder/ => /Users/MAC/.stmcufinder/plugins/mcufinder
2026-09-18 14:27:25,850 [WARN] DbFile:41 - Overriding database path with different value: /Users/MAC/.stmcufinder/plugins/mcufinder/ => /Users/MAC/.stmcufinder/plugins/mcufinder
2026-09-18 14:27:25,851 [INFO] CrossReferenceDbSqlite:203 - Set database path to: /Users/MAC/.stmcufinder/plugins/mcufinder//mcu/cs/
2026-09-18 14:27:25,909 [INFO] ApplicationProperties:184 - Using Application install path: /Applications/STM32CubeIDE.app/Contents/Eclipse/plugins/com.st.stm32cube.common.mx_6.15.0.202507011659
2026-09-18 14:27:25,910 [INFO] PluginManage:196 - Search for loadable plugins [exclusion list=, ]
2026-09-18 14:27:25,914 [INFO] PluginManage:310 - Check plugin analytics
2026-09-18 14:27:26,250 [INFO] AnalyticsPlugin:253 - Accepted Software Licenses: 
2026-09-18 14:27:26,251 [INFO] AnalyticsPlugin:255 - Accepted CMSIS Pack Licenses: 
2026-09-18 14:27:26,251 [INFO] AnalyticsPlugin:257 - Accepted Firmware Licenses: FW.F1.1.8.7,FW.F4.1.28.0
2026-09-18 14:27:26,260 [INFO] PluginManage:359 - Loaded plugin analytics (category:tool,tabindex:-1)
2026-09-18 14:27:26,264 [INFO] PluginManage:310 - Check plugin cadmodel
2026-09-18 14:27:26,294 [INFO] CADModel:105 - Init CAD model plugin
2026-09-18 14:27:26,294 [INFO] PluginManage:359 - Loaded plugin cadmodel (category:power,tabindex:5)
2026-09-18 14:27:26,295 [INFO] PluginManage:310 - Check plugin clock
2026-09-18 14:27:26,305 [INFO] PluginManage:359 - Loaded plugin clock (category:base,tabindex:2)
2026-09-18 14:27:26,305 [INFO] PluginManage:310 - Check plugin ddr
2026-09-18 14:27:26,307 [INFO] PluginManage:359 - Loaded plugin ddr (category:tool,tabindex:6)
2026-09-18 14:27:26,307 [INFO] PluginManage:310 - Check plugin filemanager
2026-09-18 14:27:26,462 [INFO] PluginManage:359 - Loaded plugin filemanager (category:base,tabindex:10)
2026-09-18 14:27:26,462 [INFO] PluginManage:310 - Check plugin ipmanager
2026-09-18 14:27:26,469 [INFO] PluginManage:359 - Loaded plugin ipmanager (category:base,tabindex:5)
2026-09-18 14:27:26,469 [INFO] PluginManage:310 - Check plugin lpbam
2026-09-18 14:27:26,478 [INFO] PluginManage:359 - Loaded plugin lpbam (category:base,tabindex:0)
2026-09-18 14:27:26,478 [INFO] PluginManage:310 - Check plugin memorymap
2026-09-18 14:27:26,487 [INFO] PluginManage:359 - Loaded plugin memorymap (category:base,tabindex:4)
2026-09-18 14:27:26,487 [INFO] PluginManage:310 - Check plugin pinoutandconfiguration
2026-09-18 14:27:26,493 [INFO] PluginManage:359 - Loaded plugin pinoutandconfiguration (category:base,tabindex:1)
2026-09-18 14:27:26,493 [INFO] PluginManage:310 - Check plugin pinoutconfig
2026-09-18 14:27:26,568 [WARN] SupportedApi:132 - Cannot load RTOS API schema: s4s-elt-must-match.1: The content of 'definitions' must match (annotation?, (simpleType | complexType)?, (unique | key | keyref)*)). A problem was found starting at: attribute.
2026-09-18 14:27:26,692 [INFO] PluginManage:359 - Loaded plugin pinoutconfig (category:base,tabindex:0)
2026-09-18 14:27:26,692 [INFO] PluginManage:310 - Check plugin power
2026-09-18 14:27:26,700 [INFO] PluginManage:359 - Loaded plugin power (category:power,tabindex:4)
2026-09-18 14:27:26,700 [INFO] PluginManage:310 - Check plugin projectmanager
2026-09-18 14:27:26,736 [INFO] PluginManage:359 - Loaded plugin projectmanager (category:projectmanager,tabindex:4)
2026-09-18 14:27:26,737 [INFO] PluginManage:310 - Check plugin rif
2026-09-18 14:27:26,744 [INFO] PluginManage:359 - Loaded plugin rif (category:base,tabindex:3)
2026-09-18 14:27:26,744 [INFO] PluginManage:310 - Check plugin thirdparty
2026-09-18 14:27:26,879 [INFO] PluginManage:359 - Loaded plugin thirdparty (category:base,tabindex:-1)
2026-09-18 14:27:26,879 [INFO] PluginManage:310 - Check plugin tools
2026-09-18 14:27:26,879 [WARN] IntegrityCheckThread:84 - waiting for thirdparty lock release [integrity check]
2026-09-18 14:27:26,880 [INFO] IntegrityCheckThread:86 - entering critical section [integrity check]
2026-09-18 14:27:26,880 [INFO] ThirdPartyUpdaterWithRetryManager:70 - Updater plugin not ready yet. [1/15]
2026-09-18 14:27:26,882 [INFO] PluginManage:359 - Loaded plugin tools (category:base,tabindex:7)
2026-09-18 14:27:26,882 [INFO] PluginManage:310 - Check plugin tutovideos
2026-09-18 14:27:27,034 [INFO] PluginManage:359 - Loaded plugin tutovideos (category:base,tabindex:-1)
2026-09-18 14:27:27,034 [INFO] PluginManage:310 - Check plugin updater
2026-09-18 14:27:27,060 [INFO] PluginManage:359 - Loaded plugin updater (category:base,tabindex:12)
2026-09-18 14:27:27,061 [INFO] PluginManage:310 - Check plugin userauth
2026-09-18 14:27:27,064 [INFO] UserAuth:118 - Init User Auth plugin
2026-09-18 14:27:27,066 [INFO] PluginManage:359 - Loaded plugin userauth (category:base,tabindex:14)
2026-09-18 14:27:27,067 [INFO] PluginManage:283 - PluginManage : Loaded plugins [18]
2026-09-18 14:27:27,260 [INFO] PinOutPanel:1589 - setPackage(No Configuration,No Configuration)
2026-09-18 14:27:27,327 [INFO] CADModel:165 - CPN selected for project level
2026-09-18 14:27:27,327 [INFO] CADModel:114 - Register for checkConnection events
2026-09-18 14:27:27,335 [INFO] IPUIPlugin:80 - create IPUIPlugin
2026-09-18 14:27:27,336 [INFO] PluginManager:220 - loadIPPluginJar : add mdma
2026-09-18 14:27:27,340 [INFO] IPUIPlugin:80 - create IPUIPlugin
2026-09-18 14:27:27,341 [INFO] PluginManager:220 - loadIPPluginJar : add freertos
2026-09-18 14:27:27,344 [INFO] IPUIPlugin:80 - create IPUIPlugin
2026-09-18 14:27:27,344 [INFO] PluginManager:220 - loadIPPluginJar : add gic
2026-09-18 14:27:27,350 [INFO] IPUIPlugin:80 - create IPUIPlugin
2026-09-18 14:27:27,350 [INFO] PluginManager:220 - loadIPPluginJar : add adc
2026-09-18 14:27:27,351 [INFO] IPUIPlugin:80 - create IPUIPlugin
2026-09-18 14:27:27,351 [INFO] PluginManager:220 - loadIPPluginJar : add gtzc
2026-09-18 14:27:27,352 [INFO] IPUIPlugin:80 - create IPUIPlugin
2026-09-18 14:27:27,353 [INFO] PluginManager:220 - loadIPPluginJar : add quadspi
2026-09-18 14:27:27,354 [INFO] IPUIPlugin:80 - create IPUIPlugin
2026-09-18 14:27:27,354 [INFO] PluginManager:220 - loadIPPluginJar : add aes
2026-09-18 14:27:27,356 [INFO] IPUIPlugin:80 - create IPUIPlugin
2026-09-18 14:27:27,356 [INFO] PluginManager:220 - loadIPPluginJar : add pdm2pcm
2026-09-18 14:27:27,357 [INFO] IPUIPlugin:80 - create IPUIPlugin
2026-09-18 14:27:27,357 [INFO] PluginManager:220 - loadIPPluginJar : add hash
2026-09-18 14:27:27,358 [INFO] IPUIPlugin:80 - create IPUIPlugin
2026-09-18 14:27:27,359 [INFO] PluginManager:220 - loadIPPluginJar : add tim
2026-09-18 14:27:27,359 [INFO] IPUIPlugin:80 - create IPUIPlugin
2026-09-18 14:27:27,359 [INFO] PluginManager:220 - loadIPPluginJar : add tsc
2026-09-18 14:27:27,361 [INFO] IPUIPlugin:80 - create IPUIPlugin
2026-09-18 14:27:27,361 [INFO] PluginManager:220 - loadIPPluginJar : add extmemmanager
2026-09-18 14:27:27,362 [INFO] IPUIPlugin:80 - create IPUIPlugin
2026-09-18 14:27:27,362 [INFO] PluginManager:220 - loadIPPluginJar : add ts
2026-09-18 14:27:27,362 [INFO] IPUIPlugin:80 - create IPUIPlugin
2026-09-18 14:27:27,363 [INFO] PluginManager:220 - loadIPPluginJar : add radio
2026-09-18 14:27:27,364 [INFO] IPUIPlugin:80 - create IPUIPlugin
2026-09-18 14:27:27,364 [INFO] PluginManager:220 - loadIPPluginJar : add can
2026-09-18 14:27:27,365 [INFO] IPUIPlugin:80 - create IPUIPlugin
2026-09-18 14:27:27,365 [INFO] PluginManager:220 - loadIPPluginJar : add dma3
2026-09-18 14:27:27,366 [INFO] IPUIPlugin:80 - create IPUIPlugin
2026-09-18 14:27:27,366 [INFO] PluginManager:220 - loadIPPluginJar : add dfsdm
2026-09-18 14:27:27,367 [INFO] IPUIPlugin:80 - create IPUIPlugin
2026-09-18 14:27:27,367 [INFO] PluginManager:220 - loadIPPluginJar : add spi
2026-09-18 14:27:27,369 [INFO] IPUIPlugin:80 - create IPUIPlugin
2026-09-18 14:27:27,369 [INFO] PluginManager:220 - loadIPPluginJar : add gfxmmu
2026-09-18 14:27:27,370 [INFO] IPUIPlugin:80 - create IPUIPlugin
2026-09-18 14:27:27,370 [INFO] PluginManager:220 - loadIPPluginJar : add genericplugin
2026-09-18 14:27:27,371 [INFO] IPUIPlugin:80 - create IPUIPlugin
2026-09-18 14:27:27,371 [INFO] PluginManager:220 - loadIPPluginJar : add cryp
2026-09-18 14:27:27,372 [INFO] IPUIPlugin:80 - create IPUIPlugin
2026-09-18 14:27:27,373 [INFO] PluginManager:220 - loadIPPluginJar : add gpio
2026-09-18 14:27:27,375 [INFO] IPUIPlugin:80 - create IPUIPlugin
2026-09-18 14:27:27,375 [INFO] PluginManager:220 - loadIPPluginJar : add ddr_ctrl_phy
2026-09-18 14:27:27,376 [INFO] IPUIPlugin:80 - create IPUIPlugin
2026-09-18 14:27:27,376 [INFO] PluginManager:220 - loadIPPluginJar : add comp
2026-09-18 14:27:27,378 [INFO] IPUIPlugin:80 - create IPUIPlugin
2026-09-18 14:27:27,379 [INFO] PluginManager:220 - loadIPPluginJar : add tracer_emb
2026-09-18 14:27:27,380 [INFO] IPUIPlugin:80 - create IPUIPlugin
2026-09-18 14:27:27,380 [INFO] PluginManager:220 - loadIPPluginJar : add openamp
2026-09-18 14:27:27,382 [INFO] IPUIPlugin:80 - create IPUIPlugin
2026-09-18 14:27:27,383 [INFO] PluginManager:220 - loadIPPluginJar : add stm32_wpan
2026-09-18 14:27:27,385 [INFO] IPUIPlugin:80 - create IPUIPlugin
2026-09-18 14:27:27,387 [INFO] PluginManager:220 - loadIPPluginJar : add plateformsettings
2026-09-18 14:27:27,388 [INFO] IPUIPlugin:80 - create IPUIPlugin
2026-09-18 14:27:27,388 [INFO] PluginManager:220 - loadIPPluginJar : add ipddr
2026-09-18 14:27:27,389 [INFO] IPUIPlugin:80 - create IPUIPlugin
2026-09-18 14:27:27,389 [INFO] PluginManager:220 - loadIPPluginJar : add usart
2026-09-18 14:27:27,390 [INFO] IPUIPlugin:80 - create IPUIPlugin
2026-09-18 14:27:27,390 [INFO] PluginManager:220 - loadIPPluginJar : add ltdc
2026-09-18 14:27:27,391 [INFO] IPUIPlugin:80 - create IPUIPlugin
2026-09-18 14:27:27,391 [INFO] PluginManager:220 - loadIPPluginJar : add nvic
2026-09-18 14:27:27,392 [INFO] IPUIPlugin:80 - create IPUIPlugin
2026-09-18 14:27:27,392 [INFO] PluginManager:220 - loadIPPluginJar : add fatfs
2026-09-18 14:27:27,396 [INFO] IPUIPlugin:80 - create IPUIPlugin
2026-09-18 14:27:27,396 [INFO] PluginManager:220 - loadIPPluginJar : add linkedlist
2026-09-18 14:27:27,399 [INFO] IPUIPlugin:80 - create IPUIPlugin
2026-09-18 14:27:27,399 [INFO] PluginManager:220 - loadIPPluginJar : add dma
2026-09-18 14:27:27,401 [INFO] IPUIPlugin:80 - create IPUIPlugin
2026-09-18 14:27:27,401 [INFO] PluginManager:220 - loadIPPluginJar : add fmc
2026-09-18 14:27:27,402 [INFO] IPUIPlugin:80 - create IPUIPlugin
2026-09-18 14:27:27,402 [INFO] PluginManager:220 - loadIPPluginJar : add i2s
2026-09-18 14:27:27,403 [INFO] IPUIPlugin:80 - create IPUIPlugin
2026-09-18 14:27:27,403 [INFO] PluginManager:220 - loadIPPluginJar : add ucpd
2026-09-18 14:27:27,404 [INFO] IPUIPlugin:80 - create IPUIPlugin
2026-09-18 14:27:27,405 [INFO] PluginManager:220 - loadIPPluginJar : add lorawan
2026-09-18 14:27:27,406 [INFO] IPUIPlugin:80 - create IPUIPlugin
2026-09-18 14:27:27,406 [INFO] PluginManager:220 - loadIPPluginJar : add opamp
2026-09-18 14:27:27,408 [INFO] IPUIPlugin:80 - create IPUIPlugin
2026-09-18 14:27:27,409 [INFO] PluginManager:220 - loadIPPluginJar : add i3c
2026-09-18 14:27:27,410 [INFO] IPUIPlugin:80 - create IPUIPlugin
2026-09-18 14:27:27,411 [INFO] PluginManager:220 - loadIPPluginJar : add touchsensing
2026-09-18 14:27:27,412 [INFO] IPUIPlugin:80 - create IPUIPlugin
2026-09-18 14:27:27,412 [INFO] PluginManager:220 - loadIPPluginJar : add i2c
2026-09-18 14:27:27,414 [INFO] IPUIPlugin:80 - create IPUIPlugin
2026-09-18 14:27:27,414 [INFO] PluginManager:220 - loadIPPluginJar : add resmgrutility
2026-09-18 14:27:27,415 [INFO] IPUIPlugin:80 - create IPUIPlugin
2026-09-18 14:27:27,415 [INFO] PluginManager:220 - loadIPPluginJar : add sai
2026-09-18 14:27:27,416 [INFO] IPUIPlugin:80 - create IPUIPlugin
2026-09-18 14:27:27,416 [INFO] PluginManager:220 - loadIPPluginJar : add usbx
2026-09-18 14:27:27,523 [FATAL] Updater:351 - Updater called before beeing initialized
2026-09-18 14:27:27,571 [INFO] RulesReader:64 - Compatibility file has been processed (317 Rules)
2026-09-18 14:27:27,589 [INFO] RulesReader:64 - Compatibility file has been processed (317 Rules)
2026-09-18 14:27:27,600 [INFO] CADModel:165 - CPN selected for project level
2026-09-18 14:27:27,600 [INFO] CADModel:114 - Register for checkConnection events
2026-09-18 14:27:27,600 [FATAL] Updater:351 - Updater called before beeing initialized
2026-09-18 14:27:27,601 [ERROR] CADModel:125 - Updater not yet initialized, retry later 
2026-09-18 14:27:27,834 [FATAL] Updater:351 - Updater called before beeing initialized
2026-09-18 14:27:27,835 [INFO] CADModel:165 - CPN selected for project level
2026-09-18 14:27:27,835 [INFO] CADModel:114 - Register for checkConnection events
2026-09-18 14:27:27,835 [FATAL] Updater:351 - Updater called before beeing initialized
2026-09-18 14:27:27,835 [ERROR] CADModel:125 - Updater not yet initialized, retry later 
2026-09-18 14:27:27,837 [FATAL] Updater:351 - Updater called before beeing initialized
2026-09-18 14:27:27,986 [FATAL] Updater:351 - Updater called before beeing initialized
2026-09-18 14:27:27,991 [INFO] DbMcusAds:53 - JSON generation date=Wed Jul 15 16:44:54 ICT 2026 (1784108694001)
2026-09-18 14:27:27,991 [FATAL] Updater:351 - Updater called before beeing initialized
2026-09-18 14:27:28,040 [WARN] DetailPanel:346 - Failed to get advertising image, set to default
2026-09-18 14:27:28,113 [FATAL] Updater:351 - Updater called before beeing initialized
2026-09-18 14:27:28,115 [FATAL] Updater:351 - Updater called before beeing initialized
2026-09-18 14:27:28,115 [FATAL] Updater:351 - Updater called before beeing initialized
2026-09-18 14:27:28,115 [WARN] DetailPanel:346 - Failed to get advertising image, set to default
2026-09-18 14:27:28,117 [FATAL] Updater:351 - Updater called before beeing initialized
2026-09-18 14:27:28,166 [ERROR] Updater:1198 - MainUpdater not yet initialized. External WinMGr cannot be set.
2026-09-18 14:27:28,238 [INFO] Updater:1134 - Updater Version found : 6.15.0
2026-09-18 14:27:28,261 [INFO] ApplicationProperties:184 - Using Application install path: /Applications/STM32CubeIDE.app/Contents/Eclipse/plugins/com.st.stm32cube.common.mx_6.15.0.202507011659
2026-09-18 14:27:28,525 [INFO] MainUpdater:2872 - connection check result : 10
2026-09-18 14:27:28,525 [INFO] MainUpdater:289 - Updater Check For Update Now.
2026-09-18 14:27:28,525 [INFO] MicroXplorer:498 - Change Database Version : DB.6.0.150
2026-09-18 14:27:28,530 [INFO] McuFinderGlobals:63 - Set McuFinder mode to 2 (CubeIDE integrated)
2026-09-18 14:27:28,532 [INFO] UserAuth:487 - Internet connection configuration mode: 1
2026-09-18 14:27:28,548 [INFO] JxBrowserEngine:152 - Initiate JxBrowser Engine with user profile folder
2026-09-18 14:27:28,782 [INFO] CheckServerUpdateThread:120 - End of CheckServer Thread
2026-09-18 14:27:30,092 [WARN] PackLoader:240 - Cannot read IP mode file for STMicroelectronics.X-CUBE-AZRTOS-H7.3.5.0
2026-09-18 14:27:30,143 [WARN] PackLoader:240 - Cannot read IP mode file for STMicroelectronics.FP-SNS-MOTENVWB1.1.4.0
2026-09-18 14:27:30,155 [WARN] PackLoader:240 - Cannot read IP mode file for STMicroelectronics.FP-ATR-ASTRA1.2.0.3
2026-09-18 14:27:30,159 [WARN] PackLoader:240 - Cannot read IP mode file for STMicroelectronics.FP-ATR-ASTRA1.2.0.2
2026-09-18 14:27:30,168 [ERROR] Engine:466 - /Users/MAC/.stm32cubemx/thirdparties/pdsc/STMicroelectronics.X-CUBE-SMBUS.2.1.1.pdsc: PDSC version is not supported
2026-09-18 14:27:30,173 [WARN] PackLoader:240 - Cannot read IP mode file for STMicroelectronics.X-CUBE-SMBUS.2.1.0
2026-09-18 14:27:30,178 [WARN] PackLoader:240 - Cannot read IP mode file for STMicroelectronics.X-CUBE-ST60.1.0.0
2026-09-18 14:27:30,213 [WARN] PackLoader:240 - Cannot read IP mode file for STMicroelectronics.X-CUBE-AZRTOS-F7.1.1.0
2026-09-18 14:27:30,233 [WARN] PackLoader:240 - Cannot read IP mode file for STMicroelectronics.X-CUBE-FREERTOS.1.6.0
2026-09-18 14:27:30,240 [WARN] PackLoader:240 - Cannot read IP mode file for STMicroelectronics.FP-SNS-MOTENV1.5.1.0
2026-09-18 14:27:30,294 [WARN] PackLoader:240 - Cannot read IP mode file for STMicroelectronics.X-CUBE-AZRTOS-H7RS.1.3.0
2026-09-18 14:27:30,366 [WARN] PackLoader:240 - Cannot read IP mode file for WES.I-CUBE-Cesium.1.4.0
2026-09-18 14:27:30,419 [WARN] PackLoader:240 - Cannot read IP mode file for Infineon.AIROC-Wi-Fi-Bluetooth-STM32.1.7.1
2026-09-18 14:27:30,471 [WARN] PackLoader:240 - Cannot read IP mode file for STMicroelectronics.X-CUBE-AZRTOS-H7.3.4.0
2026-09-18 14:27:30,491 [WARN] PackLoader:240 - Cannot read IP mode file for STMicroelectronics.X-CUBE-DISPLAY.3.0.0
2026-09-18 14:27:30,512 [WARN] PackLoader:240 - Cannot read IP mode file for STMicroelectronics.X-CUBE-GNSS1.7.1.1
2026-09-18 14:27:30,543 [WARN] PackLoader:240 - Cannot read IP mode file for STMicroelectronics.FP-SNS-MOTENVWB1.1.5.0
2026-09-18 14:27:30,559 [WARN] PackLoader:240 - Cannot read IP mode file for STMicroelectronics.X-CUBE-NFC10.1.0.0
2026-09-18 14:27:30,569 [WARN] PackLoader:240 - Cannot read IP mode file for STMicroelectronics.X-CUBE-ST60.1.1.0
2026-09-18 14:27:30,612 [WARN] PackLoader:240 - Cannot read IP mode file for emotas.I-CUBE-CANOPEN.1.3.0
2026-09-18 14:27:30,621 [ERROR] Engine:466 - /Users/MAC/.stm32cubemx/thirdparties/pdsc/STMicroelectronics.X-CUBE-WBA.1.1.0.pdsc: PDSC version is not supported
2026-09-18 14:27:30,630 [WARN] PackLoader:240 - Cannot read IP mode file for STMicroelectronics.FP-SNS-STBOX1.2.1.0
2026-09-18 14:27:30,647 [WARN] PackLoader:240 - Cannot read IP mode file for STMicroelectronics.FP-SNS-SMARTAG2.1.2.0
2026-09-18 14:27:30,662 [WARN] PackLoader:240 - Cannot read IP mode file for STMicroelectronics.FP-SNS-FLIGHT1.5.1.0
2026-09-18 14:27:30,681 [INFO] LogOutputStream:77 - [STDOUT_REDIRECT] 1 : Invalid condition id : UX_CORESTACK_Condition cause : null
2026-09-18 14:27:30,684 [INFO] LogOutputStream:77 - [STDOUT_REDIRECT] 1 : Invalid condition id : UX_CORESTACK_Condition cause : null
2026-09-18 14:27:30,685 [INFO] LogOutputStream:77 - [STDOUT_REDIRECT] 1 : Invalid condition id : UX_CORESTACK_Condition cause : null
2026-09-18 14:27:30,685 [INFO] LogOutputStream:77 - [STDOUT_REDIRECT] 1 : Invalid condition id : UX_CORESTACK_Condition cause : null
2026-09-18 14:27:30,685 [INFO] LogOutputStream:77 - [STDOUT_REDIRECT] 1 : Invalid condition id : UX_CORESTACK_Condition cause : null
2026-09-18 14:27:30,692 [WARN] PackLoader:240 - Cannot read IP mode file for STMicroelectronics.X-CUBE-AZRTOS-WL.2.0.0
2026-09-18 14:27:30,703 [WARN] PackLoader:240 - Cannot read IP mode file for STMicroelectronics.FP-SNS-MOTENV1.5.0.0
2026-09-18 14:27:30,750 [WARN] PackLoader:240 - Cannot read IP mode file for STMicroelectronics.X-CUBE-AZRTOS-H7RS.1.2.0
2026-09-18 14:27:30,781 [WARN] PackLoader:240 - Cannot read IP mode file for WES.I-CUBE-Cesium.1.3.0
2026-09-18 14:27:30,795 [WARN] PackLoader:240 - Cannot read IP mode file for STMicroelectronics.X-CUBE-BLE2.3.3.0
2026-09-18 14:27:30,826 [WARN] PackLoader:240 - Cannot read IP mode file for STMicroelectronics.X-CUBE-NFC9.1.0.0
2026-09-18 14:27:30,837 [WARN] PackLoader:240 - Cannot read IP mode file for wolfSSL.I-CUBE-wolfSSL.5.8.2
2026-09-18 14:27:30,842 [WARN] PackLoader:240 - Cannot read IP mode file for STMicroelectronics.X-CUBE-BLE1.7.1.0
2026-09-18 14:27:30,845 [WARN] PackLoader:240 - Cannot read IP mode file for wolfSSL.I-CUBE-wolfMQTT.1.19.2
2026-09-18 14:27:30,855 [WARN] PackLoader:240 - Cannot read IP mode file for STMicroelectronics.X-CUBE-EEPRMA1.5.2.0
2026-09-18 14:27:30,866 [WARN] PackLoader:240 - Cannot read IP mode file for STMicroelectronics.FP-SNS-STAIOTCFT.1.1.0
2026-09-18 14:27:30,934 [WARN] PackLoader:240 - Cannot read IP mode file for STMicroelectronics.X-CUBE-AZRTOS-G0.1.1.0
2026-09-18 14:27:30,968 [WARN] PackLoader:240 - Cannot read IP mode file for STMicroelectronics.X-CUBE-SAFEA1.1.2.2
2026-09-18 14:27:31,107 [WARN] PackLoader:240 - Cannot read IP mode file for STMicroelectronics.X-CUBE-NFC4.3.0.0
2026-09-18 14:27:31,370 [WARN] PackLoader:240 - Cannot read IP mode file for EmbeddedOffice.I-CUBE-FS-RTOS.1.0.1
2026-09-18 14:27:31,421 [WARN] PackLoader:240 - Cannot read IP mode file for STMicroelectronics.X-CUBE-WB05N.2.0.0
2026-09-18 14:27:31,430 [WARN] PackLoader:240 - Cannot read IP mode file for wolfSSL.I-CUBE-wolfTPM.3.8.0
2026-09-18 14:27:31,437 [WARN] PackLoader:240 - Cannot read IP mode file for STMicroelectronics.X-CUBE-TCPP.4.2.0
2026-09-18 14:27:31,446 [WARN] PackLoader:240 - Cannot read IP mode file for RealThread.X-CUBE-RT-Thread_Nano.4.1.1
2026-09-18 14:27:31,454 [WARN] PackLoader:240 - Cannot read IP mode file for STMicroelectronics.FP-ATR-SIGFOX1.3.2.0
2026-09-18 14:27:31,461 [WARN] PackLoader:240 - Cannot read IP mode file for STMicroelectronics.X-CUBE-FREERTOS.1.5.0
2026-09-18 14:27:31,469 [WARN] PackLoader:240 - Cannot read IP mode file for ITTIA_DB.I-CUBE-ITTIADB.8.9.0
2026-09-18 14:27:31,479 [WARN] PackLoader:240 - Cannot read IP mode file for STMicroelectronics.X-CUBE-NFC6.3.2.0
2026-09-18 14:27:31,500 [WARN] PackLoader:240 - Cannot read IP mode file for STMicroelectronics.X-CUBE-ST67W61.1.0.0
2026-09-18 14:27:31,512 [WARN] PackLoader:240 - Cannot read IP mode file for STMicroelectronics.X-CUBE-AI.10.2.1
2026-09-18 14:27:31,516 [WARN] PackLoader:240 - Cannot read IP mode file for STMicroelectronics.X-CUBE-AI.10.2.0
2026-09-18 14:27:31,591 [WARN] PackLoader:240 - Cannot read IP mode file for STMicroelectronics.X-CUBE-MEMS1.12.1.0
2026-09-18 14:27:31,718 [WARN] PackLoader:240 - Cannot read IP mode file for SEGGER.I-CUBE-embOS.1.3.1
2026-09-18 14:27:31,757 [WARN] PackLoader:240 - Cannot read IP mode file for STMicroelectronics.X-CUBE-ALGOBUILD.1.4.0
2026-09-18 14:27:31,834 [WARN] PackLoader:240 - Cannot read IP mode file for STMicroelectronics.X-CUBE-MEMS1.11.3.0
2026-09-18 14:27:31,920 [ERROR] Engine:466 - /Users/MAC/.stm32cubemx/thirdparties/pdsc/STMicroelectronics.FP-SNS-STAIOTCFT.2.0.0.pdsc: PDSC version is not supported
2026-09-18 14:27:31,936 [WARN] PackLoader:240 - Cannot read IP mode file for STMicroelectronics.X-CUBE-NFC13.1.0.0
2026-09-18 14:27:31,947 [WARN] PackLoader:240 - Cannot read IP mode file for STMicroelectronics.X-CUBE-PM33A1.1.0.0
2026-09-18 14:27:31,969 [WARN] PackLoader:240 - Cannot read IP mode file for STMicroelectronics.X-CUBE-AZRTOS-F4.1.1.0
2026-09-18 14:27:31,976 [WARN] PackLoader:240 - Cannot read IP mode file for Avnet-IotConnect.X-CUBE-IoTC-DA16k-PMOD.1.0.0
2026-09-18 14:27:31,980 [WARN] PackLoader:240 - Cannot read IP mode file for STMicroelectronics.X-CUBE-ISPU.2.1.0
2026-09-18 14:27:31,995 [WARN] PackLoader:240 - Cannot read IP mode file for STMicroelectronics.X-CUBE-IPS.3.2.0
2026-09-18 14:27:32,001 [WARN] PackLoader:240 - Cannot read IP mode file for STMicroelectronics.eDS-WB_DPC_TT-BIDIR.2.1.1
2026-09-18 14:27:32,006 [WARN] PackLoader:240 - Cannot read IP mode file for STMicroelectronics.X-CUBE-NFC12.1.0.0
2026-09-18 14:27:32,026 [WARN] PackLoader:240 - Cannot read IP mode file for STMicroelectronics.X-CUBE-AZRTOS-L5.2.0.0
2026-09-18 14:27:32,036 [WARN] PackLoader:240 - Cannot read IP mode file for STMicroelectronics.X-CUBE-NFC6.3.1.0
2026-09-18 14:27:32,050 [WARN] PackLoader:240 - Cannot read IP mode file for STMicroelectronics.X-CUBE-ALGOBUILD.1.5.0
2026-09-18 14:27:32,056 [WARN] PackLoader:240 - Cannot read IP mode file for STMicroelectronics.eDS-WB_DPC_VIENNA.1.2.0
2026-09-18 14:27:32,236 [WARN] PackLoader:240 - Cannot read IP mode file for STMicroelectronics.X-CUBE-MEMS1.13.0.0
2026-09-18 14:27:32,412 [WARN] PackLoader:240 - Cannot read IP mode file for STMicroelectronics.eDS-WB_DPC_3PH2L-BIDIR.1.1.1
2026-09-18 14:27:32,430 [ERROR] Engine:466 - /Users/MAC/.stm32cubemx/thirdparties/pdsc/STMicroelectronics.X-CUBE-ST67W61.1.3.0.pdsc: PDSC version is not supported
2026-09-18 14:27:32,446 [WARN] PackLoader:240 - Cannot read IP mode file for STMicroelectronics.X-CUBE-FREERTOS.1.3.1
2026-09-18 14:27:32,471 [WARN] PackLoader:240 - Cannot read IP mode file for STMicroelectronics.X-CUBE-TOUCHGFX.4.26.1
2026-09-18 14:27:32,483 [WARN] PackLoader:240 - Cannot read IP mode file for STMicroelectronics.FP-SNS-STAIOTCFT.1.0.0
2026-09-18 14:27:32,496 [WARN] PackLoader:240 - Cannot read IP mode file for STMicroelectronics.X-CUBE-DPower.1.3.0
2026-09-18 14:27:32,522 [WARN] ConditionMgr:438 - getConditionDescription Invalid condition id : LAN8742 Phy interface Condition cause : null
2026-09-18 14:27:32,530 [WARN] PackLoader:240 - Cannot read IP mode file for STMicroelectronics.X-CUBE-AZRTOS-L4.2.0.0
2026-09-18 14:27:32,534 [WARN] ConditionMgr:1044 - genDependencies : Invalid condition id : LAN8742 Phy interface Condition cause : null
2026-09-18 14:27:32,534 [WARN] ConditionMgr:1044 - genDependencies : Invalid condition id : LAN8742 Phy interface Condition cause : null
2026-09-18 14:27:32,535 [WARN] ConditionMgr:1044 - genDependencies : Invalid condition id : LAN8742 Phy interface Condition cause : null
2026-09-18 14:27:32,545 [WARN] PackLoader:240 - Cannot read IP mode file for STMicroelectronics.X-CUBE-SFXS2LP1.4.0.0
2026-09-18 14:27:32,554 [WARN] PackLoader:240 - Cannot read IP mode file for STMicroelectronics.X-CUBE-WB05N.2.1.0
2026-09-18 14:27:32,569 [WARN] PackLoader:240 - Cannot read IP mode file for STMicroelectronics.X-CUBE-BLEMGR.4.1.0
2026-09-18 14:27:32,585 [WARN] ConditionMgr:438 - getConditionDescription Invalid condition id : UX DEVICE CLASS RTOS Condition cause : null
2026-09-18 14:27:32,586 [WARN] ConditionMgr:438 - getConditionDescription Invalid condition id : UX DEVICE CLASS RTOS Condition cause : null
2026-09-18 14:27:32,589 [WARN] PackLoader:240 - Cannot read IP mode file for STMicroelectronics.X-CUBE-AZRTOS-WB.2.0.0
2026-09-18 14:27:32,590 [WARN] ConditionMgr:1044 - genDependencies : Invalid condition id : UX DEVICE CLASS RTOS Condition cause : null
2026-09-18 14:27:32,590 [WARN] ConditionMgr:1044 - genDependencies : Invalid condition id : UX DEVICE CLASS RTOS Condition cause : null
2026-09-18 14:27:32,591 [WARN] ConditionMgr:1044 - genDependencies : Invalid condition id : UX DEVICE CLASS RTOS Condition cause : null
2026-09-18 14:27:32,591 [WARN] ConditionMgr:1044 - genDependencies : Invalid condition id : UX DEVICE CLASS RTOS Condition cause : null
2026-09-18 14:27:32,591 [WARN] ConditionMgr:1044 - genDependencies : Invalid condition id : UX DEVICE CLASS RTOS Condition cause : null
2026-09-18 14:27:32,625 [WARN] PackLoader:240 - Cannot read IP mode file for STMicroelectronics.X-CUBE-GNSS1.7.0.1
2026-09-18 14:27:32,631 [WARN] PackLoader:240 - Cannot read IP mode file for STMicroelectronics.X-CUBE-TOUCHGFX.4.25.0
2026-09-18 14:27:32,634 [WARN] ConditionMgr:438 - getConditionDescription Invalid condition id : Cortex-A Device cause : null
2026-09-18 14:27:32,663 [WARN] ConditionMgr:1044 - genDependencies : Invalid condition id : Cortex-A Device cause : null
2026-09-18 14:27:32,664 [WARN] ConditionMgr:1044 - genDependencies : Invalid condition id : Cortex-A Device cause : null
2026-09-18 14:27:32,664 [WARN] ConditionMgr:1044 - genDependencies : Invalid condition id : Cortex-A Device cause : null
2026-09-18 14:27:32,671 [WARN] PackLoader:240 - Cannot read IP mode file for STMicroelectronics.X-CUBE-STSE01.2.0.0
2026-09-18 14:27:32,686 [WARN] PackLoader:240 - Cannot read IP mode file for STMicroelectronics.X-CUBE-SUBG2.5.0.0
2026-09-18 14:27:32,720 [WARN] PackLoader:240 - Cannot read IP mode file for STMicroelectronics.X-CUBE-AZRTOS-H7RS.1.1.0
2026-09-18 14:27:32,726 [WARN] PackLoader:240 - Cannot read IP mode file for Cesanta.I-CUBE-Mongoose.7.13.0
2026-09-18 14:27:32,741 [WARN] PackLoader:240 - Cannot read IP mode file for STMicroelectronics.X-CUBE-AZRTOS-G4.2.0.0
2026-09-18 14:27:32,748 [WARN] PackLoader:240 - Cannot read IP mode file for wolfSSL.I-CUBE-wolfSSH.1.4.20
2026-09-18 14:27:32,751 [WARN] PackLoader:240 - Cannot read IP mode file for STMicroelectronics.X-CUBE-NFC7.2.0.0
2026-09-18 14:27:32,764 [WARN] PackLoader:240 - Cannot read IP mode file for STMicroelectronics.X-CUBE-IPS.3.1.0
2026-09-18 14:27:32,774 [ERROR] Engine:466 - /Users/MAC/.stm32cubemx/thirdparties/pdsc/STMicroelectronics.X-CUBE-BLEMGR.4.2.0.pdsc: PDSC version is not supported
2026-09-18 14:27:32,777 [WARN] PackLoader:240 - Cannot read IP mode file for STMicroelectronics.X-CUBE-ALS.1.0.2
2026-09-18 14:27:32,782 [WARN] PackLoader:240 - Cannot read IP mode file for portGmbH.I-Cube-SoM-uGOAL.1.1.0
2026-09-18 14:27:32,796 [WARN] PackLoader:240 - Cannot read IP mode file for STMicroelectronics.X-CUBE-TOF1.3.4.3
2026-09-18 14:27:32,837 [INFO] ThirdParty:978 - Integrity check success = true
2026-09-18 14:27:32,837 [INFO] IntegrityCheckThread:100 - exiting critical section [integrity check]
2026-09-18 14:27:32,837 [INFO] IntegrityCheckThread:103 - End integrity checks thread
2026-09-18 14:27:33,964 [INFO] WebApp:169 - Instantiating new browser for Auth
2026-09-18 14:27:35,615 [INFO] WebApp:463 - Apply proxy settings
2026-09-18 14:27:35,627 [INFO] WebApp:508 - Chromium authenticates against Manually configured proxy
2026-09-18 14:27:35,644 [INFO] WebApp:516 - Username used for proxy authentication: 
2026-09-18 14:27:35,688 [INFO] WebApp:900 - Register for checkConnection events
2026-09-18 14:27:35,689 [INFO] WebApp:463 - Apply proxy settings
2026-09-18 14:27:35,692 [INFO] WebApp:508 - Chromium authenticates against Manually configured proxy
2026-09-18 14:27:35,693 [INFO] WebApp:516 - Username used for proxy authentication: 
2026-09-18 14:27:35,839 [INFO] WebApp:225 - Starting web application
2026-09-18 14:27:35,840 [INFO] WebApp:593 - Web application path used /Applications/STM32CubeIDE.app/Contents/Eclipse/plugins/com.st.stm32cube.common.mx_6.15.0.202507011659/db/plugins/mcufinder/reactClient1/index.html
2026-09-18 14:27:36,511 [INFO] WebApp:191 - Connection restablished
2026-09-18 14:27:36,569 [INFO] UserAuth:487 - Internet connection configuration mode: 1
