2026-09-10 00:21:24,685 [INFO] WebApp:194 - Connection lost
2026-09-10 00:21:27,474 [INFO] WebApp:191 - Connection restablished
2026-09-10 00:21:29,014 [INFO] WebApp:194 - Connection lost
2026-09-10 00:21:29,560 [INFO] WebApp:191 - Connection restablished
2026-09-10 00:21:30,901 [INFO] WebApp:194 - Connection lost
2026-09-10 00:21:32,234 [INFO] WebApp:191 - Connection restablished
2026-09-10 00:27:27,689 [INFO] MainUpdater:2872 - connection check result : 10
2026-09-10 00:27:27,701 [INFO] MainUpdater:2872 - connection check result : 10
2026-09-10 00:27:29,026 [INFO] MicroXplorer:468 - Change Database Path : 
2026-09-10 00:27:29,027 [INFO] MicroXplorer:498 - Change Database Version : DB.6.0.150
2026-09-10 00:27:29,152 [ERROR] ProjectManagerView:395 - 
java.lang.NullPointerException: Cannot invoke "javax.swing.JTextField.getText()" because the return value of "java.util.List.get(int)" is null
	at com.st.microxplorer.plugins.projectmanager.gui.ProjectChoiceTab$9.caretUpdate(ProjectChoiceTab.java:2706) ~[filemanager.jar:?]
	at javax.swing.text.JTextComponent.fireCaretUpdate(JTextComponent.java:408) ~[?:?]
	at javax.swing.text.JTextComponent$MutableCaretEvent.fire(JTextComponent.java:4484) ~[?:?]
	at javax.swing.text.JTextComponent$MutableCaretEvent.stateChanged(JTextComponent.java:4506) ~[?:?]
	at javax.swing.text.DefaultCaret.fireStateChanged(DefaultCaret.java:857) ~[?:?]
	at javax.swing.text.DefaultCaret.changeCaretPosition(DefaultCaret.java:1343) ~[?:?]
	at javax.swing.text.DefaultCaret.handleSetDot(DefaultCaret.java:1242) ~[?:?]
	at javax.swing.text.DefaultCaret.setDot(DefaultCaret.java:1223) ~[?:?]
	at javax.swing.text.DefaultCaret$Handler.insertUpdate(DefaultCaret.java:1819) ~[?:?]
	at javax.swing.text.AbstractDocument.fireInsertUpdate(AbstractDocument.java:227) ~[?:?]
	at javax.swing.text.AbstractDocument.handleInsertString(AbstractDocument.java:781) ~[?:?]
	at javax.swing.text.AbstractDocument.insertString(AbstractDocument.java:740) ~[?:?]
	at javax.swing.text.PlainDocument.insertString(PlainDocument.java:131) ~[?:?]
	at javax.swing.text.AbstractDocument.replace(AbstractDocument.java:699) ~[?:?]
	at javax.swing.text.JTextComponent.setText(JTextComponent.java:1725) ~[?:?]
	at com.st.microxplorer.plugins.projectmanager.gui.ProjectChoiceTab.createHeapStackFields(ProjectChoiceTab.java:993) ~[filemanager.jar:?]
	at com.st.microxplorer.plugins.projectmanager.gui.ProjectChoiceTab.buildLinkSettingsPanel(ProjectChoiceTab.java:3813) ~[filemanager.jar:?]
	at com.st.microxplorer.plugins.projectmanager.gui.ProjectChoiceTab.defineWindowsFields(ProjectChoiceTab.java:1987) ~[filemanager.jar:?]
	at com.st.microxplorer.plugins.projectmanager.gui.ProjectChoiceTab.updateSettings(ProjectChoiceTab.java:558) ~[filemanager.jar:?]
	at com.st.microxplorer.plugins.projectmanager.gui.ProjectSettingsPanel.UpdateDialog(ProjectSettingsPanel.java:247) ~[filemanager.jar:?]
	at com.st.microxplorer.plugins.projectmanager.ProjectManagerView.propertyChange(ProjectManagerView.java:392) ~[filemanager.jar:?]
	at java.beans.PropertyChangeSupport.fire(PropertyChangeSupport.java:343) ~[?:?]
	at java.beans.PropertyChangeSupport.firePropertyChange(PropertyChangeSupport.java:335) ~[?:?]
	at java.beans.PropertyChangeSupport.firePropertyChange(PropertyChangeSupport.java:268) ~[?:?]
	at com.st.microxplorer.util.MXPropertyChangeSupport.firePropertyChange(MXPropertyChangeSupport.java:54) ~[STM32CubeMX.jar:?]
	at com.st.microxplorer.mxsystem.MxSystem.closeConfig(MxSystem.java:899) ~[STM32CubeMX.jar:?]
	at com.st.microxplorer.maingui.MainPanel.closeConfig(MainPanel.java:792) ~[STM32CubeMX.jar:?]
	at com.st.microxplorer.plugins.filemanager.engine.OpenFileManager.loadConfigurationFile(OpenFileManager.java:288) ~[filemanager.jar:?]
	at com.st.microxplorer.plugins.filemanager.engine.MainFileManager.userLoadConfig(MainFileManager.java:364) ~[filemanager.jar:?]
	at com.st.microxplorer.plugins.filemanager.engine.MainFileManager.userLoadConfig(MainFileManager.java:342) ~[filemanager.jar:?]
	at com.st.microxplorer.plugins.filemanager.FileManagerView.getSpecificTask(FileManagerView.java:264) ~[filemanager.jar:?]
	at com.st.stm32cube.common.mx.editor.CubeMxEditor.getMxTabbedPaneInstance(CubeMxEditor.java:1198) ~[com.st.stm32cube.common.mx_6.15.0.202507011659/:?]
	at com.st.stm32cube.common.mx.editor.CubeMxEditor$12$1.createSwingComponent(CubeMxEditor.java:1068) ~[com.st.stm32cube.common.mx_6.15.0.202507011659/:?]
	at com.st.stm32cube.common.mx.oss.core.awtswtbridge.EmbeddedSwingComposite.doComponentCreation(EmbeddedSwingComposite.java:492) ~[com.st.stm32cube.common.mx.oss_6.15.0.202507011659/:?]
	at com.st.stm32cube.common.mx.oss.core.awtswtbridge.EmbeddedSwingComposite$4.run(EmbeddedSwingComposite.java:291) ~[com.st.stm32cube.common.mx.oss_6.15.0.202507011659/:?]
	at com.st.stm32cube.common.mx.oss.core.awtswtbridge.AwtEnvironment$2.run(AwtEnvironment.java:166) ~[com.st.stm32cube.common.mx.oss_6.15.0.202507011659/:?]
	at java.awt.event.InvocationEvent.dispatch(InvocationEvent.java:318) ~[?:?]
	at java.awt.EventQueue.dispatchEventImpl(EventQueue.java:773) ~[?:?]
	at java.awt.EventQueue$4.run(EventQueue.java:720) ~[?:?]
	at java.awt.EventQueue$4.run(EventQueue.java:714) ~[?:?]
	at java.security.AccessController.doPrivileged(AccessController.java:400) ~[?:?]
	at java.security.ProtectionDomain$JavaSecurityAccessImpl.doIntersectionPrivilege(ProtectionDomain.java:87) ~[?:?]
	at java.awt.EventQueue.dispatchEvent(EventQueue.java:742) ~[?:?]
	at java.awt.EventDispatchThread.pumpOneEventForFilters(EventDispatchThread.java:203) ~[?:?]
	at java.awt.EventDispatchThread.pumpEventsForFilter(EventDispatchThread.java:124) ~[?:?]
	at java.awt.EventDispatchThread.pumpEventsForHierarchy(EventDispatchThread.java:113) ~[?:?]
	at java.awt.EventDispatchThread.pumpEvents(EventDispatchThread.java:109) ~[?:?]
	at java.awt.EventDispatchThread.pumpEvents(EventDispatchThread.java:101) ~[?:?]
	at java.awt.EventDispatchThread.run(EventDispatchThread.java:90) ~[?:?]
2026-09-10 00:27:29,167 [WARN] ThirdParty:871 - waiting for thirdparty lock release [close project]
2026-09-10 00:27:29,167 [INFO] ThirdParty:873 - entering critical section [close project]
2026-09-10 00:27:29,168 [INFO] ThirdParty:883 - exiting critical section [close project]
2026-09-10 00:27:29,173 [INFO] PinOutPanel:1589 - setPackage(No Configuration,No Configuration)
2026-09-10 00:27:29,196 [INFO] UtilMem:75 - Begin LoadConfig() Used Memory: 688191224 Bytes (1073741824)
2026-09-10 00:27:29,198 [INFO] MicroXplorer:468 - Change Database Path : 
2026-09-10 00:27:29,198 [INFO] MicroXplorer:498 - Change Database Version : DB.6.0.150
2026-09-10 00:27:29,198 [INFO] OpenFileManager:355 - Change cursor
2026-09-10 00:27:29,278 [INFO] Mcu:2029 - Initializing MCU STM32F411V(C-E)Tx STM32F411VETx STM32F411VET6
2026-09-10 00:27:30,546 [INFO] Context:786 - Trying to add GPIOservice into a context  which must be forbidden
2026-09-10 00:27:31,224 [INFO] ImportTextPane:234 - (OptionalMessage_ERROR) Pin49 (VP_RIF_VS_RIF1) cannot be retrieved for this MCU
2026-09-10 00:27:31,337 [INFO] RtosManager:558 - Registered RTOS mode: class=CMSIS, group=RTOS, mode=CMSIS_V1, owner=FREERTOS
2026-09-10 00:27:31,337 [INFO] RtosManager:558 - Registered RTOS mode: class=CMSIS, group=RTOS2, mode=CMSIS_V2, owner=FREERTOS
2026-09-10 00:27:31,337 [INFO] RtosManager:558 - Registered RTOS mode: class=RTOS, group=Core, mode=CMSIS_V1, owner=FREERTOS
2026-09-10 00:27:31,337 [INFO] RtosManager:558 - Registered RTOS mode: class=RTOS, group=Core, mode=CMSIS_V2, owner=FREERTOS
2026-09-10 00:27:31,337 [WARN] ModelIntegratedComponent:184 - Missing modes for component STMicroelectronics:FreeRTOS:0.0.1:STMicroelectronics:RTOS:FreeRTOS:Core:::10.2.0:
2026-09-10 00:27:31,417 [WARN] ModelIntegratedComponent:63 - No mode defined for component null
2026-09-10 00:27:31,417 [WARN] ModelIntegratedComponent:63 - No mode defined for component null
2026-09-10 00:27:31,417 [WARN] ModelIntegratedComponent:63 - No mode defined for component null
2026-09-10 00:27:31,417 [WARN] ModelIntegratedComponent:63 - No mode defined for component null
2026-09-10 00:27:31,417 [WARN] ModelIntegratedComponent:63 - No mode defined for component null
2026-09-10 00:27:31,417 [WARN] ModelIntegratedComponent:63 - No mode defined for component null
2026-09-10 00:27:31,417 [WARN] ModelIntegratedComponent:63 - No mode defined for component null
2026-09-10 00:27:31,417 [WARN] ModelIntegratedComponent:63 - No mode defined for component null
2026-09-10 00:27:31,417 [WARN] ModelIntegratedComponent:63 - No mode defined for component null
2026-09-10 00:27:31,417 [WARN] ModelIntegratedComponent:63 - No mode defined for component null
2026-09-10 00:27:31,417 [WARN] ModelIntegratedComponent:63 - No mode defined for component null
2026-09-10 00:27:31,417 [WARN] ModelIntegratedComponent:63 - No mode defined for component null
2026-09-10 00:27:31,417 [WARN] ModelIntegratedComponent:63 - No mode defined for component null
2026-09-10 00:27:31,417 [WARN] ModelIntegratedComponent:63 - No mode defined for component null
2026-09-10 00:27:31,417 [WARN] ModelIntegratedComponent:63 - No mode defined for component null
2026-09-10 00:27:31,417 [WARN] ModelIntegratedComponent:63 - No mode defined for component null
2026-09-10 00:27:31,417 [WARN] ModelIntegratedComponent:63 - No mode defined for component null
2026-09-10 00:27:31,417 [WARN] ModelIntegratedComponent:63 - No mode defined for component null
2026-09-10 00:27:31,418 [WARN] ModelIntegratedComponent:63 - No mode defined for component null
2026-09-10 00:27:31,418 [WARN] ModelIntegratedComponent:63 - No mode defined for component null
2026-09-10 00:27:31,418 [WARN] ModelIntegratedComponent:63 - No mode defined for component null
2026-09-10 00:27:31,418 [WARN] ModelIntegratedComponent:63 - No mode defined for component null
2026-09-10 00:27:31,418 [WARN] ModelIntegratedComponent:63 - No mode defined for component null
2026-09-10 00:27:31,418 [WARN] ModelIntegratedComponent:63 - No mode defined for component null
2026-09-10 00:27:31,418 [WARN] ModelIntegratedComponent:63 - No mode defined for component null
2026-09-10 00:27:31,418 [WARN] ModelIntegratedComponent:63 - No mode defined for component null
2026-09-10 00:27:31,418 [WARN] ModelIntegratedComponent:63 - No mode defined for component null
2026-09-10 00:27:31,418 [WARN] ModelIntegratedComponent:63 - No mode defined for component null
2026-09-10 00:27:31,418 [WARN] ModelIntegratedComponent:63 - No mode defined for component null
2026-09-10 00:27:31,418 [WARN] ModelIntegratedComponent:63 - No mode defined for component null
2026-09-10 00:27:31,418 [WARN] ModelIntegratedComponent:63 - No mode defined for component null
2026-09-10 00:27:31,418 [WARN] ModelIntegratedComponent:63 - No mode defined for component null
2026-09-10 00:27:31,418 [WARN] ModelIntegratedComponent:63 - No mode defined for component null
2026-09-10 00:27:31,418 [WARN] ModelIntegratedComponent:63 - No mode defined for component null
2026-09-10 00:27:31,418 [WARN] ModelIntegratedComponent:63 - No mode defined for component null
2026-09-10 00:27:31,419 [WARN] ModelPack:524 - Component already loaded: STMicroelectronics:HAL Drivers:0.0.0:STMicroelectronics:Device:STMicro_Driver:XSPI:HAL::0.0.1:HAL_XSPI
2026-09-10 00:27:31,422 [WARN] ModelIntegratedComponent:182 - Modes not found for component STMicroelectronics:USB_DEVICE:1.0.0:STMicroelectronics:USB::USB Device:Audio HS::1.0:USB_DEVICE_1_0_RESTRICTED_HS
2026-09-10 00:27:31,422 [WARN] ModelIntegratedComponent:188 - Modes not found for component STMicroelectronics:USB_DEVICE:1.0.0:STMicroelectronics:USB::USB Device:Audio HS::1.0:USB_DEVICE_1_0_RESTRICTED_HS
2026-09-10 00:27:31,423 [WARN] ModelIntegratedComponent:182 - Modes not found for component STMicroelectronics:USB_DEVICE:1.0.0:STMicroelectronics:USB::USB Device:CDC HS::1.0:USB_DEVICE_1_0_RESTRICTED_HS
2026-09-10 00:27:31,423 [WARN] ModelIntegratedComponent:188 - Modes not found for component STMicroelectronics:USB_DEVICE:1.0.0:STMicroelectronics:USB::USB Device:CDC HS::1.0:USB_DEVICE_1_0_RESTRICTED_HS
2026-09-10 00:27:31,423 [WARN] ModelIntegratedComponent:182 - Modes not found for component STMicroelectronics:USB_DEVICE:1.0.0:STMicroelectronics:USB::USB Device:DFU HS::1.0:USB_DEVICE_1_0_RESTRICTED_HS
2026-09-10 00:27:31,423 [WARN] ModelIntegratedComponent:188 - Modes not found for component STMicroelectronics:USB_DEVICE:1.0.0:STMicroelectronics:USB::USB Device:DFU HS::1.0:USB_DEVICE_1_0_RESTRICTED_HS
2026-09-10 00:27:31,423 [WARN] ModelIntegratedComponent:182 - Modes not found for component STMicroelectronics:USB_DEVICE:1.0.0:STMicroelectronics:USB::USB Device:HID HS::1.0:USB_DEVICE_1_0_RESTRICTED_HS
2026-09-10 00:27:31,423 [WARN] ModelIntegratedComponent:188 - Modes not found for component STMicroelectronics:USB_DEVICE:1.0.0:STMicroelectronics:USB::USB Device:HID HS::1.0:USB_DEVICE_1_0_RESTRICTED_HS
2026-09-10 00:27:31,423 [WARN] ModelIntegratedComponent:182 - Modes not found for component STMicroelectronics:USB_DEVICE:1.0.0:STMicroelectronics:USB::USB Device:Custom HID HS::1.0:USB_DEVICE_1_0_RESTRICTED_HS
2026-09-10 00:27:31,423 [WARN] ModelIntegratedComponent:188 - Modes not found for component STMicroelectronics:USB_DEVICE:1.0.0:STMicroelectronics:USB::USB Device:Custom HID HS::1.0:USB_DEVICE_1_0_RESTRICTED_HS
2026-09-10 00:27:31,423 [WARN] ModelIntegratedComponent:182 - Modes not found for component STMicroelectronics:USB_DEVICE:1.0.0:STMicroelectronics:USB::USB Device:MSC HS::1.0:USB_DEVICE_1_0_RESTRICTED_HS
2026-09-10 00:27:31,423 [WARN] ModelIntegratedComponent:188 - Modes not found for component STMicroelectronics:USB_DEVICE:1.0.0:STMicroelectronics:USB::USB Device:MSC HS::1.0:USB_DEVICE_1_0_RESTRICTED_HS
2026-09-10 00:27:31,442 [WARN] ModelIntegratedComponent:182 - Modes not found for component STMicroelectronics:USB_HOST:1.0.0:STMicroelectronics:USB::USB Host:Audio HS::1.0:USB_HOST_1_0_RESTRICTED_HS
2026-09-10 00:27:31,444 [WARN] ModelIntegratedComponent:188 - Modes not found for component STMicroelectronics:USB_HOST:1.0.0:STMicroelectronics:USB::USB Host:Audio HS::1.0:USB_HOST_1_0_RESTRICTED_HS
2026-09-10 00:27:31,444 [WARN] ModelIntegratedComponent:182 - Modes not found for component STMicroelectronics:USB_HOST:1.0.0:STMicroelectronics:USB::USB Host:CDC HS::1.0:USB_HOST_1_0_RESTRICTED_HS
2026-09-10 00:27:31,444 [WARN] ModelIntegratedComponent:188 - Modes not found for component STMicroelectronics:USB_HOST:1.0.0:STMicroelectronics:USB::USB Host:CDC HS::1.0:USB_HOST_1_0_RESTRICTED_HS
2026-09-10 00:27:31,445 [WARN] ModelIntegratedComponent:182 - Modes not found for component STMicroelectronics:USB_HOST:1.0.0:STMicroelectronics:USB::USB Host:MSC HS::1.0:USB_HOST_1_0_RESTRICTED_HS
2026-09-10 00:27:31,445 [WARN] ModelIntegratedComponent:188 - Modes not found for component STMicroelectronics:USB_HOST:1.0.0:STMicroelectronics:USB::USB Host:MSC HS::1.0:USB_HOST_1_0_RESTRICTED_HS
2026-09-10 00:27:31,445 [WARN] ModelIntegratedComponent:182 - Modes not found for component STMicroelectronics:USB_HOST:1.0.0:STMicroelectronics:USB::USB Host:HID HS::1.0:USB_HOST_1_0_RESTRICTED_HS
2026-09-10 00:27:31,445 [WARN] ModelIntegratedComponent:188 - Modes not found for component STMicroelectronics:USB_HOST:1.0.0:STMicroelectronics:USB::USB Host:HID HS::1.0:USB_HOST_1_0_RESTRICTED_HS
2026-09-10 00:27:31,445 [WARN] ModelIntegratedComponent:182 - Modes not found for component STMicroelectronics:USB_HOST:1.0.0:STMicroelectronics:USB::USB Host:MTP HS::1.0:USB_HOST_1_0_RESTRICTED_HS
2026-09-10 00:27:31,445 [WARN] ModelIntegratedComponent:188 - Modes not found for component STMicroelectronics:USB_HOST:1.0.0:STMicroelectronics:USB::USB Host:MTP HS::1.0:USB_HOST_1_0_RESTRICTED_HS
2026-09-10 00:27:31,616 [INFO] ThirdPartyModel:298 - Start build external matchings
2026-09-10 00:27:32,336 [INFO] ThirdPartyModel:316 - End build external matchings
2026-09-10 00:27:32,387 [INFO] ImportTextPane:234 - (OptionalMessage_ERROR) IP (RCC) : Parameter (I2SClocksFreq_Value) has invalid value (320000000)
2026-09-10 00:27:32,388 [INFO] ImportTextPane:234 - (OptionalMessage_ERROR) IP (RCC) : Parameter (RTCHSEDivFreq_Value) has invalid value (4000000)
2026-09-10 00:27:32,838 [INFO] UtilMem:75 - End LoadConfig() Used Memory: 707089184 Bytes (1073741824)
2026-09-10 00:27:33,485 [WARN] ThirdParty:833 - waiting for thirdparty lock release [change project]
2026-09-10 00:27:33,530 [INFO] ThirdParty:835 - entering critical section [change project]
2026-09-10 00:27:33,569 [INFO] ThirdParty:1030 - CMSIS Pack Vendor :STMicroelectronics X-CUBE-AZRTOS-H7 3.5.0
2026-09-10 00:27:33,570 [INFO] ThirdParty:1030 - CMSIS Pack Vendor :STMicroelectronics X-CUBE-PM33A1 1.0.0
2026-09-10 00:27:33,570 [INFO] ThirdParty:1030 - CMSIS Pack Vendor :STMicroelectronics USBPD 4.1
2026-09-10 00:27:33,570 [INFO] ThirdParty:1030 - CMSIS Pack Vendor :STMicroelectronics USB_HOST 2.0.0
2026-09-10 00:27:33,570 [INFO] ThirdParty:1030 - CMSIS Pack Vendor :STMicroelectronics FP-SNS-MOTENVWB1 1.4.0
2026-09-10 00:27:33,570 [INFO] ThirdParty:1030 - CMSIS Pack Vendor :STMicroelectronics FP-ATR-ASTRA1 2.0.3
2026-09-10 00:27:33,570 [INFO] ThirdParty:1030 - CMSIS Pack Vendor :STMicroelectronics X-CUBE-AZRTOS-F4 1.1.0
2026-09-10 00:27:33,570 [INFO] ThirdParty:1030 - CMSIS Pack Vendor :STMicroelectronics LIBJPEG 8.0.0
2026-09-10 00:27:33,570 [INFO] ThirdParty:1030 - CMSIS Pack Vendor :STMicroelectronics FP-ATR-ASTRA1 2.0.2
2026-09-10 00:27:33,570 [INFO] ThirdParty:1030 - CMSIS Pack Vendor :Avnet-IotConnect X-CUBE-IoTC-DA16k-PMOD 1.0.0
2026-09-10 00:27:33,570 [INFO] ThirdParty:1030 - CMSIS Pack Vendor :STMicroelectronics X-CUBE-SMBUS 2.1.0
2026-09-10 00:27:33,570 [INFO] ThirdParty:1030 - CMSIS Pack Vendor :STMicroelectronics X-CUBE-ISPU 2.1.0
2026-09-10 00:27:33,570 [INFO] ThirdParty:1030 - CMSIS Pack Vendor :STMicroelectronics X-CUBE-IPS 3.2.0
2026-09-10 00:27:33,570 [INFO] ThirdParty:1030 - CMSIS Pack Vendor :STMicroelectronics eDS-WB_DPC_TT-BIDIR 2.1.1
2026-09-10 00:27:33,570 [INFO] ThirdParty:1030 - CMSIS Pack Vendor :STMicroelectronics X-CUBE-ST60 1.0.0
2026-09-10 00:27:33,570 [INFO] ThirdParty:1030 - CMSIS Pack Vendor :STMicroelectronics X-CUBE-NFC12 1.0.0
2026-09-10 00:27:33,570 [INFO] ThirdParty:1030 - CMSIS Pack Vendor :STMicroelectronics X-CUBE-AZRTOS-F7 1.1.0
2026-09-10 00:27:33,571 [INFO] ThirdParty:1030 - CMSIS Pack Vendor :STMicroelectronics X-CUBE-AZRTOS-L5 2.0.0
2026-09-10 00:27:33,571 [INFO] ThirdParty:1030 - CMSIS Pack Vendor :STMicroelectronics USB_DEVICE 2.0.0
2026-09-10 00:27:33,571 [INFO] ThirdParty:1030 - CMSIS Pack Vendor :STMicroelectronics X-CUBE-FREERTOS 1.6.0
2026-09-10 00:27:33,571 [INFO] ThirdParty:1030 - CMSIS Pack Vendor :STMicroelectronics X-CUBE-NFC6 3.1.0
2026-09-10 00:27:33,571 [INFO] ThirdParty:1030 - CMSIS Pack Vendor :STMicroelectronics X-CUBE-ALGOBUILD 1.5.0
2026-09-10 00:27:33,571 [INFO] ThirdParty:1030 - CMSIS Pack Vendor :STMicroelectronics FP-SNS-MOTENV1 5.1.0
2026-09-10 00:27:33,571 [INFO] ThirdParty:1030 - CMSIS Pack Vendor :STMicroelectronics FreeRTOS 0.0.1
2026-09-10 00:27:33,571 [INFO] ThirdParty:1030 - CMSIS Pack Vendor :STMicroelectronics X-CUBE-AZRTOS-H7RS 1.3.0
2026-09-10 00:27:33,571 [INFO] ThirdParty:1030 - CMSIS Pack Vendor :STMicroelectronics eDS-WB_DPC_VIENNA 1.2.0
2026-09-10 00:27:33,571 [INFO] ThirdParty:1030 - CMSIS Pack Vendor :WES I-CUBE-Cesium 1.4.0
2026-09-10 00:27:33,571 [INFO] ThirdParty:1030 - CMSIS Pack Vendor :STMicroelectronics X-CUBE-MEMS1 13.0.0
2026-09-10 00:27:33,571 [INFO] ThirdParty:1030 - CMSIS Pack Vendor :STMicroelectronics eDS-WB_DPC_3PH2L-BIDIR 1.1.1
2026-09-10 00:27:33,571 [INFO] ThirdParty:1030 - CMSIS Pack Vendor :Infineon AIROC-Wi-Fi-Bluetooth-STM32 1.7.1
2026-09-10 00:27:33,571 [INFO] ThirdParty:1030 - CMSIS Pack Vendor :STMicroelectronics PDM2PCM 3.3.0
2026-09-10 00:27:33,572 [INFO] ThirdParty:1030 - CMSIS Pack Vendor :STMicroelectronics X-CUBE-AZRTOS-H7 3.4.0
2026-09-10 00:27:33,572 [INFO] ThirdParty:1030 - CMSIS Pack Vendor :STMicroelectronics X-CUBE-DISPLAY 3.0.0
2026-09-10 00:27:33,572 [INFO] ThirdParty:1030 - CMSIS Pack Vendor :STMicroelectronics X-CUBE-GNSS1 7.1.1
2026-09-10 00:27:33,572 [INFO] ThirdParty:1030 - CMSIS Pack Vendor :STMicroelectronics FP-SNS-MOTENVWB1 1.5.0
2026-09-10 00:27:33,572 [INFO] ThirdParty:1030 - CMSIS Pack Vendor :STMicroelectronics X-CUBE-NFC10 1.0.0
2026-09-10 00:27:33,572 [INFO] ThirdParty:1030 - CMSIS Pack Vendor :STMicroelectronics X-CUBE-FREERTOS 1.3.1
2026-09-10 00:27:33,572 [INFO] ThirdParty:1030 - CMSIS Pack Vendor :STMicroelectronics HAL Drivers 0.0.0
2026-09-10 00:27:33,572 [INFO] ThirdParty:1030 - CMSIS Pack Vendor :STMicroelectronics X-CUBE-ST60 1.1.0
2026-09-10 00:27:33,572 [INFO] ThirdParty:1030 - CMSIS Pack Vendor :emotas I-CUBE-CANOPEN 1.3.0
2026-09-10 00:27:33,572 [INFO] ThirdParty:1030 - CMSIS Pack Vendor :STMicroelectronics MBEDTLS 2.14.1
2026-09-10 00:27:33,572 [INFO] ThirdParty:1030 - CMSIS Pack Vendor :STMicroelectronics X-CUBE-TOUCHGFX 4.26.1
2026-09-10 00:27:33,572 [INFO] ThirdParty:1030 - CMSIS Pack Vendor :STMicroelectronics FP-SNS-STBOX1 2.1.0
2026-09-10 00:27:33,572 [INFO] ThirdParty:1030 - CMSIS Pack Vendor :STMicroelectronics FP-SNS-STAIOTCFT 1.0.0
2026-09-10 00:27:33,572 [INFO] ThirdParty:1030 - CMSIS Pack Vendor :STMicroelectronics FP-SNS-SMARTAG2 1.2.0
2026-09-10 00:27:33,572 [INFO] ThirdParty:1030 - CMSIS Pack Vendor :STMicroelectronics FP-SNS-FLIGHT1 5.1.0
2026-09-10 00:27:33,572 [INFO] ThirdParty:1030 - CMSIS Pack Vendor :STMicroelectronics X-CUBE-AZRTOS-WL 2.0.0
2026-09-10 00:27:33,572 [INFO] ThirdParty:1030 - CMSIS Pack Vendor :STMicroelectronics X-CUBE-DPower 1.3.0
2026-09-10 00:27:33,572 [INFO] ThirdParty:1030 - CMSIS Pack Vendor :STMicroelectronics FP-SNS-MOTENV1 5.0.0
2026-09-10 00:27:33,572 [INFO] ThirdParty:1030 - CMSIS Pack Vendor :STMicroelectronics USB_DEVICE 1.0.0
2026-09-10 00:27:33,572 [INFO] ThirdParty:1030 - CMSIS Pack Vendor :STMicroelectronics X-CUBE-AZRTOS-H7RS 1.2.0
2026-09-10 00:27:33,572 [INFO] ThirdParty:1030 - CMSIS Pack Vendor :STMicroelectronics X-CUBE-AZRTOS-L4 2.0.0
2026-09-10 00:27:33,572 [INFO] ThirdParty:1030 - CMSIS Pack Vendor :STMicroelectronics ThreadX 0.0.2
2026-09-10 00:27:33,572 [INFO] ThirdParty:1030 - CMSIS Pack Vendor :WES I-CUBE-Cesium 1.3.0
2026-09-10 00:27:33,572 [INFO] ThirdParty:1030 - CMSIS Pack Vendor :STMicroelectronics lwIP 2.1.2
2026-09-10 00:27:33,572 [INFO] ThirdParty:1030 - CMSIS Pack Vendor :STMicroelectronics X-CUBE-SFXS2LP1 4.0.0
2026-09-10 00:27:33,572 [INFO] ThirdParty:1030 - CMSIS Pack Vendor :STMicroelectronics X-CUBE-BLE2 3.3.0
2026-09-10 00:27:33,572 [INFO] ThirdParty:1030 - CMSIS Pack Vendor :Avnet-IOTCONNECT X-CUBE-iotc-st67-sdk 1.0.0
2026-09-10 00:27:33,572 [INFO] ThirdParty:1030 - CMSIS Pack Vendor :STMicroelectronics PDM2PCM 3.2.0
2026-09-10 00:27:33,572 [INFO] ThirdParty:1030 - CMSIS Pack Vendor :STMicroelectronics X-CUBE-WB05N 2.1.0
2026-09-10 00:27:33,572 [INFO] ThirdParty:1030 - CMSIS Pack Vendor :STMicroelectronics X-CUBE-NFC9 1.0.0
2026-09-10 00:27:33,572 [INFO] ThirdParty:1030 - CMSIS Pack Vendor :wolfSSL I-CUBE-wolfSSL 5.8.2
2026-09-10 00:27:33,572 [INFO] ThirdParty:1030 - CMSIS Pack Vendor :STMicroelectronics X-CUBE-BLE1 7.1.0
2026-09-10 00:27:33,572 [INFO] ThirdParty:1030 - CMSIS Pack Vendor :wolfSSL I-CUBE-wolfMQTT 1.19.2
2026-09-10 00:27:33,572 [INFO] ThirdParty:1030 - CMSIS Pack Vendor :STMicroelectronics USB_DEVICE 3.0.0
2026-09-10 00:27:33,572 [INFO] ThirdParty:1030 - CMSIS Pack Vendor :STMicroelectronics X-CUBE-EEPRMA1 5.2.0
2026-09-10 00:27:33,572 [INFO] ThirdParty:1030 - CMSIS Pack Vendor :STMicroelectronics X-CUBE-BLEMGR 4.1.0
2026-09-10 00:27:33,572 [INFO] ThirdParty:1030 - CMSIS Pack Vendor :STMicroelectronics X-CUBE-AZRTOS-WB 2.0.0
2026-09-10 00:27:33,572 [INFO] ThirdParty:1030 - CMSIS Pack Vendor :STMicroelectronics X-CUBE-GNSS1 7.0.1
2026-09-10 00:27:33,572 [INFO] ThirdParty:1030 - CMSIS Pack Vendor :STMicroelectronics X-CUBE-TOUCHGFX 4.25.0
2026-09-10 00:27:33,572 [INFO] ThirdParty:1030 - CMSIS Pack Vendor :STMicroelectronics FP-SNS-STAIOTCFT 1.1.0
2026-09-10 00:27:33,572 [INFO] ThirdParty:1030 - CMSIS Pack Vendor :quantropi X-CUBE-qispace-sdk-base 2.1.0
2026-09-10 00:27:33,572 [INFO] ThirdParty:1030 - CMSIS Pack Vendor :STMicroelectronics X-CUBE-STSE01 2.0.0
2026-09-10 00:27:33,572 [INFO] ThirdParty:1030 - CMSIS Pack Vendor :STMicroelectronics X-CUBE-AZRTOS-G0 1.1.0
2026-09-10 00:27:33,572 [INFO] ThirdParty:1030 - CMSIS Pack Vendor :STMicroelectronics X-CUBE-SAFEA1 1.2.2
2026-09-10 00:27:33,572 [INFO] ThirdParty:1030 - CMSIS Pack Vendor :STMicroelectronics X-CUBE-NFC4 3.0.0
2026-09-10 00:27:33,572 [INFO] ThirdParty:1030 - CMSIS Pack Vendor :STMicroelectronics X-CUBE-SUBG2 5.0.0
2026-09-10 00:27:33,573 [INFO] ThirdParty:1030 - CMSIS Pack Vendor :STMicroelectronics X-CUBE-AZRTOS-H7RS 1.1.0
2026-09-10 00:27:33,573 [INFO] ThirdParty:1030 - CMSIS Pack Vendor :STMicroelectronics STM32_WPAN 1.0.0
2026-09-10 00:27:33,573 [INFO] ThirdParty:1030 - CMSIS Pack Vendor :EmbeddedOffice I-CUBE-FS-RTOS 1.0.1
2026-09-10 00:27:33,573 [INFO] ThirdParty:1030 - CMSIS Pack Vendor :STMicroelectronics lwIP 2.0.3
2026-09-10 00:27:33,573 [INFO] ThirdParty:1030 - CMSIS Pack Vendor :Cesanta I-CUBE-Mongoose 7.13.0
2026-09-10 00:27:33,573 [INFO] ThirdParty:1030 - CMSIS Pack Vendor :STMicroelectronics USB_HOST 1.0.0
2026-09-10 00:27:33,573 [INFO] ThirdParty:1030 - CMSIS Pack Vendor :STMicroelectronics X-CUBE-AZRTOS-G4 2.0.0
2026-09-10 00:27:33,573 [INFO] ThirdParty:1030 - CMSIS Pack Vendor :STMicroelectronics X-CUBE-WB05N 2.0.0
2026-09-10 00:27:33,573 [INFO] ThirdParty:1030 - CMSIS Pack Vendor :STMicroelectronics PDM2PCM 3.1.0
2026-09-10 00:27:33,573 [INFO] ThirdParty:1030 - CMSIS Pack Vendor :wolfSSL I-CUBE-wolfTPM 3.8.0
2026-09-10 00:27:33,573 [INFO] ThirdParty:1030 - CMSIS Pack Vendor :wolfSSL I-CUBE-wolfSSH 1.4.20
2026-09-10 00:27:33,573 [INFO] ThirdParty:1030 - CMSIS Pack Vendor :STMicroelectronics X-CUBE-NFC7 2.0.0
2026-09-10 00:27:33,573 [INFO] ThirdParty:1030 - CMSIS Pack Vendor :STMicroelectronics X-CUBE-TCPP 4.2.0
2026-09-10 00:27:33,573 [INFO] ThirdParty:1030 - CMSIS Pack Vendor :RealThread X-CUBE-RT-Thread_Nano 4.1.1
2026-09-10 00:27:33,573 [INFO] ThirdParty:1030 - CMSIS Pack Vendor :STMicroelectronics FP-ATR-SIGFOX1 3.2.0
2026-09-10 00:27:33,573 [INFO] ThirdParty:1030 - CMSIS Pack Vendor :STMicroelectronics X-CUBE-FREERTOS 1.5.0
2026-09-10 00:27:33,573 [INFO] ThirdParty:1030 - CMSIS Pack Vendor :STMicroelectronics MBEDTLS 2.16.2
2026-09-10 00:27:33,573 [INFO] ThirdParty:1030 - CMSIS Pack Vendor :STMicroelectronics X-CUBE-IPS 3.1.0
2026-09-10 00:27:33,573 [INFO] ThirdParty:1030 - CMSIS Pack Vendor :STMicroelectronics X-CUBE-ALS 1.0.2
2026-09-10 00:27:33,573 [INFO] ThirdParty:1030 - CMSIS Pack Vendor :ITTIA_DB I-CUBE-ITTIADB 8.9.0
2026-09-10 00:27:33,573 [INFO] ThirdParty:1030 - CMSIS Pack Vendor :portGmbH I-Cube-SoM-uGOAL 1.1.0
2026-09-10 00:27:33,573 [INFO] ThirdParty:1030 - CMSIS Pack Vendor :STMicroelectronics X-CUBE-NFC6 3.2.0
2026-09-10 00:27:33,573 [INFO] ThirdParty:1030 - CMSIS Pack Vendor :STMicroelectronics X-CUBE-ST67W61 1.0.0
2026-09-10 00:27:33,573 [INFO] ThirdParty:1030 - CMSIS Pack Vendor :STMicroelectronics X-CUBE-AI 10.2.1
2026-09-10 00:27:33,573 [INFO] ThirdParty:1030 - CMSIS Pack Vendor :STMicroelectronics X-CUBE-AI 10.2.0
2026-09-10 00:27:33,573 [INFO] ThirdParty:1030 - CMSIS Pack Vendor :STMicroelectronics ThreadX 1.0.0
2026-09-10 00:27:33,573 [INFO] ThirdParty:1030 - CMSIS Pack Vendor :STMicroelectronics X-CUBE-MEMS1 12.1.0
2026-09-10 00:27:33,573 [INFO] ThirdParty:1030 - CMSIS Pack Vendor :SEGGER I-CUBE-embOS 1.3.1
2026-09-10 00:27:33,574 [INFO] ThirdParty:1030 - CMSIS Pack Vendor :STMicroelectronics X-CUBE-ALGOBUILD 1.4.0
2026-09-10 00:27:33,574 [INFO] ThirdParty:1030 - CMSIS Pack Vendor :STMicroelectronics X-CUBE-MEMS1 11.3.0
2026-09-10 00:27:33,574 [INFO] ThirdParty:1030 - CMSIS Pack Vendor :STMicroelectronics X-CUBE-TOF1 3.4.3
2026-09-10 00:27:33,574 [INFO] ThirdParty:1030 - CMSIS Pack Vendor :STMicroelectronics X-CUBE-NFC13 1.0.0
2026-09-10 00:27:33,583 [INFO] ThirdParty:841 - exiting critical section [change project]
2026-09-10 00:27:34,487 [INFO] PinOutPanel:1589 - setPackage(No Configuration,No Configuration)
2026-09-10 00:27:34,499 [INFO] PinOutPanel:1589 - setPackage(STM32F411VETx,LQFP100)
2026-09-10 00:27:35,185 [INFO] UtilMem:75 - Before build in PCC Used Memory: 836061984 Bytes (1073741824)
2026-09-10 00:27:35,950 [INFO] UtilMem:75 - After build in PCC Used Memory: 882199328 Bytes (1073741824)
2026-09-10 00:27:36,022 [INFO] IPUIPlugin:80 - create IPUIPlugin
2026-09-10 00:27:36,023 [INFO] IPUIPlugin:80 - create IPUIPlugin
2026-09-10 00:27:36,023 [INFO] IPUIPlugin:80 - create IPUIPlugin
2026-09-10 00:27:36,024 [INFO] IPUIPlugin:80 - create IPUIPlugin
2026-09-10 00:27:36,025 [INFO] IPUIPlugin:80 - create IPUIPlugin
2026-09-10 00:27:36,026 [INFO] IPUIPlugin:80 - create IPUIPlugin
2026-09-10 00:27:36,027 [INFO] IPUIPlugin:80 - create IPUIPlugin
2026-09-10 00:27:36,027 [INFO] IPUIPlugin:80 - create IPUIPlugin
2026-09-10 00:27:36,027 [INFO] IPUIPlugin:80 - create IPUIPlugin
2026-09-10 00:27:36,027 [INFO] IPUIPlugin:80 - create IPUIPlugin
2026-09-10 00:27:36,028 [INFO] IPUIPlugin:80 - create IPUIPlugin
2026-09-10 00:27:36,028 [INFO] IPUIPlugin:80 - create IPUIPlugin
2026-09-10 00:27:36,028 [INFO] IPUIPlugin:80 - create IPUIPlugin
2026-09-10 00:27:36,028 [INFO] IPUIPlugin:80 - create IPUIPlugin
2026-09-10 00:27:36,029 [INFO] IPUIPlugin:80 - create IPUIPlugin
2026-09-10 00:27:36,029 [INFO] IPUIPlugin:80 - create IPUIPlugin
2026-09-10 00:27:36,030 [INFO] IPUIPlugin:80 - create IPUIPlugin
2026-09-10 00:27:36,031 [INFO] IPUIPlugin:80 - create IPUIPlugin
2026-09-10 00:27:36,031 [INFO] IPUIPlugin:80 - create IPUIPlugin
2026-09-10 00:27:36,031 [INFO] IPUIPlugin:80 - create IPUIPlugin
2026-09-10 00:27:36,031 [INFO] IPUIPlugin:80 - create IPUIPlugin
2026-09-10 00:27:36,032 [INFO] IPUIPlugin:80 - create IPUIPlugin
2026-09-10 00:27:36,032 [INFO] IPUIPlugin:80 - create IPUIPlugin
2026-09-10 00:27:36,032 [INFO] IPUIPlugin:80 - create IPUIPlugin
2026-09-10 00:27:36,032 [INFO] IPUIPlugin:80 - create IPUIPlugin
2026-09-10 00:27:36,032 [INFO] IPUIPlugin:80 - create IPUIPlugin
2026-09-10 00:27:36,032 [INFO] IPUIPlugin:80 - create IPUIPlugin
2026-09-10 00:27:36,032 [INFO] IPUIPlugin:80 - create IPUIPlugin
2026-09-10 00:27:36,032 [INFO] IPUIPlugin:80 - create IPUIPlugin
2026-09-10 00:27:36,032 [INFO] IPUIPlugin:80 - create IPUIPlugin
2026-09-10 00:27:36,033 [INFO] IPUIPlugin:80 - create IPUIPlugin
2026-09-10 00:27:36,033 [INFO] IPUIPlugin:80 - create IPUIPlugin
2026-09-10 00:27:36,033 [INFO] IPUIPlugin:80 - create IPUIPlugin
2026-09-10 00:27:36,033 [INFO] IPUIPlugin:80 - create IPUIPlugin
2026-09-10 00:27:36,033 [INFO] IPUIPlugin:80 - create IPUIPlugin
2026-09-10 00:27:36,033 [INFO] IPUIPlugin:80 - create IPUIPlugin
2026-09-10 00:27:36,033 [INFO] IPUIPlugin:80 - create IPUIPlugin
2026-09-10 00:27:36,033 [INFO] IPUIPlugin:80 - create IPUIPlugin
2026-09-10 00:27:36,033 [INFO] IPUIPlugin:80 - create IPUIPlugin
2026-09-10 00:27:36,034 [INFO] IPUIPlugin:80 - create IPUIPlugin
2026-09-10 00:27:36,034 [INFO] IPUIPlugin:80 - create IPUIPlugin
2026-09-10 00:27:36,034 [INFO] IPUIPlugin:80 - create IPUIPlugin
2026-09-10 00:27:36,035 [INFO] IPUIPlugin:80 - create IPUIPlugin
2026-09-10 00:27:36,135 [INFO] ApiDbMcu:532 - Load IP Config File for PDM2PCM
2026-09-10 00:27:36,432 [INFO] CADModel:165 - CPN selected for project levelSTM32F411VET6
2026-09-10 00:27:36,433 [INFO] CADModel:114 - Register for checkConnection events
2026-09-10 00:27:36,489 [INFO] OpenFileManager:386 - Restore cursor
2026-09-10 00:46:35,329 [INFO] WebApp:194 - Connection lost
2026-09-10 00:46:48,485 [INFO] WebApp:191 - Connection restablished
2026-09-10 00:56:23,847 [INFO] WebApp:194 - Connection lost
2026-09-10 00:56:33,513 [INFO] WebApp:191 - Connection restablished
2026-09-10 01:37:43,039 [INFO] WebApp:194 - Connection lost
2026-09-10 01:37:43,670 [INFO] WebApp:191 - Connection restablished
2026-09-10 01:37:43,761 [INFO] WebApp:194 - Connection lost
2026-09-10 01:37:43,985 [INFO] WebApp:191 - Connection restablished
2026-09-10 01:43:50,060 [INFO] WebApp:194 - Connection lost
2026-09-10 01:43:52,538 [INFO] WebApp:191 - Connection restablished
2026-09-10 02:07:11,722 [INFO] WebApp:194 - Connection lost
2026-09-10 02:07:20,885 [INFO] WebApp:191 - Connection restablished
2026-09-10 02:17:03,900 [INFO] NvicIntPanel:101 - NVIC parent = com.st.microxplorer.plugins.ip.nvic.MultiNvicIntPanel[,0,0,450x196,layout=javax.swing.BoxLayout,alignmentX=0.0,alignmentY=0.0,border=,flags=9,maximumSize=,minimumSize=,preferredSize=]
2026-09-10 02:22:47,627 [INFO] NvicIntPanel:101 - NVIC parent = com.st.microxplorer.plugins.ip.nvic.MultiNvicIntPanel[,0,0,0x0,invalid,layout=javax.swing.BoxLayout,alignmentX=0.0,alignmentY=0.0,border=,flags=9,maximumSize=,minimumSize=,preferredSize=]
2026-09-10 02:23:24,699 [INFO] NvicIntPanel:101 - NVIC parent = com.st.microxplorer.plugins.ip.nvic.MultiNvicIntPanel[,0,0,0x0,invalid,layout=javax.swing.BoxLayout,alignmentX=0.0,alignmentY=0.0,border=,flags=9,maximumSize=,minimumSize=,preferredSize=]
2026-09-10 02:27:51,260 [INFO] UtilMem:75 - End SaveConfig() Used Memory: 868695360 Bytes (1073741824)
2026-09-10 02:30:32,648 [INFO] NvicIntPanel:101 - NVIC parent = com.st.microxplorer.plugins.ip.nvic.MultiNvicIntPanel[,0,0,450x202,layout=javax.swing.BoxLayout,alignmentX=0.0,alignmentY=0.0,border=,flags=9,maximumSize=,minimumSize=,preferredSize=]
2026-09-10 02:30:39,919 [INFO] NvicIntPanel:101 - NVIC parent = com.st.microxplorer.plugins.ip.nvic.MultiNvicIntPanel[,0,0,0x0,invalid,layout=javax.swing.BoxLayout,alignmentX=0.0,alignmentY=0.0,border=,flags=9,maximumSize=,minimumSize=,preferredSize=]
2026-09-10 02:30:45,623 [INFO] NvicIntPanel:101 - NVIC parent = com.st.microxplorer.plugins.ip.nvic.MultiNvicIntPanel[,0,0,0x0,invalid,layout=javax.swing.BoxLayout,alignmentX=0.0,alignmentY=0.0,border=,flags=9,maximumSize=,minimumSize=,preferredSize=]
2026-09-10 02:30:50,976 [INFO] UtilMem:75 - End SaveConfig() Used Memory: 653479824 Bytes (1073741824)
2026-09-10 02:30:52,652 [INFO] UtilMem:75 - End SaveConfig() Used Memory: 674570128 Bytes (1073741824)
2026-09-10 02:30:55,312 [INFO] UtilMem:75 - End SaveConfig() Used Memory: 794511248 Bytes (1073741824)
2026-09-10 02:30:57,318 [INFO] BlockDiagram:2775 - set Specific Code input for plugin: NVIC
2026-09-10 02:30:57,322 [INFO] BlockDiagram:2775 - set Specific Code input for plugin: USART
2026-09-10 02:30:57,324 [INFO] BlockDiagram:2775 - set Specific Code input for plugin: TIM1_8
2026-09-10 02:30:57,324 [INFO] BlockDiagram:2775 - set Specific Code input for plugin: SYS
2026-09-10 02:30:57,326 [INFO] BlockDiagram:2775 - set Specific Code input for plugin: GPIO
2026-09-10 02:30:57,326 [INFO] BlockDiagram:2775 - set Specific Code input for plugin: ADC
2026-09-10 02:30:57,326 [INFO] BlockDiagram:2775 - set Specific Code input for plugin: RCC
2026-09-10 02:30:57,327 [INFO] CodeGenerator:892 - code generatio: config db path: /Applications/STM32CubeIDE.app/Contents/Eclipse/plugins/com.st.stm32cube.common.mx_6.15.0.202507011659//db/
2026-09-10 02:30:57,776 [INFO] CodeEngine:265 - oldGeneratedFile, /Users/MAC/STM32CubeIDE/workspace_1.19.0/Demo_Project/MXTmpFiles/license.tmp_save
2026-09-10 02:30:58,370 [INFO] CodeEngine:289 - Generated code: /Users/MAC/STM32CubeIDE/workspace_1.19.0/Demo_Project/MXTmpFiles/license.tmp
2026-09-10 02:30:58,564 [INFO] CodeEngine:265 - oldGeneratedFile, /Users/MAC/STM32CubeIDE/workspace_1.19.0/Demo_Project/MXTmpFiles/gpio.tmp_save
2026-09-10 02:30:58,780 [INFO] CodeEngine:289 - Generated code: /Users/MAC/STM32CubeIDE/workspace_1.19.0/Demo_Project/MXTmpFiles/gpio.tmp
2026-09-10 02:30:59,202 [INFO] CodeEngine:265 - oldGeneratedFile, /Users/MAC/STM32CubeIDE/workspace_1.19.0/Demo_Project/Core/Src/stm32f4xx_it.c_save
2026-09-10 02:30:59,381 [INFO] CodeEngine:289 - Generated code: /Users/MAC/STM32CubeIDE/workspace_1.19.0/Demo_Project/Core/Src/stm32f4xx_it.c
2026-09-10 02:30:59,384 [INFO] CodeEngine:265 - oldGeneratedFile, /Users/MAC/STM32CubeIDE/workspace_1.19.0/Demo_Project/Core/Inc/stm32f4xx_it.h_save
2026-09-10 02:30:59,451 [INFO] CodeEngine:289 - Generated code: /Users/MAC/STM32CubeIDE/workspace_1.19.0/Demo_Project/Core/Inc/stm32f4xx_it.h
2026-09-10 02:30:59,472 [INFO] CodeEngine:265 - oldGeneratedFile, /Users/MAC/STM32CubeIDE/workspace_1.19.0/Demo_Project/Core/Src/stm32f4xx_hal_msp.c_save
2026-09-10 02:30:59,761 [INFO] CodeEngine:289 - Generated code: /Users/MAC/STM32CubeIDE/workspace_1.19.0/Demo_Project/Core/Src/stm32f4xx_hal_msp.c
2026-09-10 02:30:59,766 [INFO] CodeEngine:265 - oldGeneratedFile, /Users/MAC/STM32CubeIDE/workspace_1.19.0/Demo_Project/MXTmpFiles/system.tmp_save
2026-09-10 02:30:59,853 [INFO] CodeEngine:289 - Generated code: /Users/MAC/STM32CubeIDE/workspace_1.19.0/Demo_Project/MXTmpFiles/system.tmp
2026-09-10 02:30:59,864 [INFO] CodeEngine:321 - oldGeneratedFile, /Users/MAC/STM32CubeIDE/workspace_1.19.0/Demo_Project/Core/Inc/stm32f4xx_hal_conf.h_save
2026-09-10 02:30:59,964 [INFO] CodeEngine:345 - Generated code: /Users/MAC/STM32CubeIDE/workspace_1.19.0/Demo_Project/Core/Inc/stm32f4xx_hal_conf.h
2026-09-10 02:31:00,058 [INFO] ApiDbMcu:532 - Load IP Config File for ADC1
2026-09-10 02:31:00,069 [INFO] ApiDbMcu:532 - Load IP Config File for TIM2
2026-09-10 02:31:00,081 [INFO] ApiDbMcu:532 - Load IP Config File for USART2
2026-09-10 02:31:00,086 [INFO] ApiDbMcu:532 - Load IP Config File for RCC
2026-09-10 02:31:00,089 [WARN] IPConfigManager:3811 - IP not found : TIM
2026-09-10 02:31:00,090 [WARN] CodeGenerator:4259 - IP not found : null
2026-09-10 02:31:00,094 [INFO] CodeEngine:265 - oldGeneratedFile, /Users/MAC/STM32CubeIDE/workspace_1.19.0/Demo_Project/Core/Inc/main.h_save
2026-09-10 02:31:00,218 [INFO] CodeEngine:289 - Generated code: /Users/MAC/STM32CubeIDE/workspace_1.19.0/Demo_Project/Core/Inc/main.h
2026-09-10 02:31:00,222 [INFO] CodeEngine:265 - oldGeneratedFile, /Users/MAC/STM32CubeIDE/workspace_1.19.0/Demo_Project/Core/Src/main.c_save
2026-09-10 02:31:00,500 [INFO] CodeEngine:289 - Generated code: /Users/MAC/STM32CubeIDE/workspace_1.19.0/Demo_Project/Core/Src/main.c
2026-09-10 02:31:00,786 [INFO] ProjectBuilder:3606 - Time for Copy HAL[1] : 76mS.
2026-09-10 02:31:00,800 [INFO] ProjectBuilder:5216 - Project Generator version: 4.7.0-B52
2026-09-10 02:31:01,009 [INFO] ConfigFileManager:1595 - The Die is : DIE431
2026-09-10 02:31:01,035 [INFO] ApiDbMcu:532 - Load IP Config File for FATFS
2026-09-10 02:31:01,041 [INFO] ApiDbMcu:532 - Load IP Config File for FREERTOS
2026-09-10 02:31:01,045 [INFO] ApiDbMcu:532 - Load IP Config File for LIBJPEG
2026-09-10 02:31:01,054 [INFO] ApiDbMcu:532 - Load IP Config File for MBEDTLS
2026-09-10 02:31:01,119 [INFO] ApiDbMcu:532 - Load IP Config File for USB_DEVICE
2026-09-10 02:31:01,138 [INFO] ApiDbMcu:532 - Load IP Config File for USB_HOST
2026-09-10 02:31:05,336 [INFO] ProjectBuilder:5496 - Time for Generating toolchain IDE Files: 4517mS.
2026-09-10 02:31:05,348 [INFO] ProjectBuilder:3463 - Time for Copy CMSIS : 2mS.
2026-09-10 02:31:05,353 [INFO] ProjectBuilder:3463 - Time for Copy CMSIS : 0mS.
2026-09-10 02:32:12,307 [INFO] UtilMem:75 - End SaveConfig() Used Memory: 703833992 Bytes (1073741824)
2026-09-10 02:32:14,043 [INFO] UtilMem:75 - End SaveConfig() Used Memory: 771151512 Bytes (1073741824)
2026-09-10 02:32:16,016 [INFO] UtilMem:75 - End SaveConfig() Used Memory: 883140488 Bytes (1073741824)
2026-09-10 02:32:16,405 [INFO] BlockDiagram:2775 - set Specific Code input for plugin: NVIC
2026-09-10 02:32:16,405 [INFO] BlockDiagram:2775 - set Specific Code input for plugin: USART
2026-09-10 02:32:16,405 [INFO] BlockDiagram:2775 - set Specific Code input for plugin: TIM1_8
2026-09-10 02:32:16,405 [INFO] BlockDiagram:2775 - set Specific Code input for plugin: SYS
2026-09-10 02:32:16,406 [INFO] BlockDiagram:2775 - set Specific Code input for plugin: GPIO
2026-09-10 02:32:16,406 [INFO] BlockDiagram:2775 - set Specific Code input for plugin: ADC
2026-09-10 02:32:16,406 [INFO] BlockDiagram:2775 - set Specific Code input for plugin: RCC
2026-09-10 02:32:16,407 [INFO] CodeGenerator:892 - code generatio: config db path: /Applications/STM32CubeIDE.app/Contents/Eclipse/plugins/com.st.stm32cube.common.mx_6.15.0.202507011659//db/
2026-09-10 02:32:16,551 [INFO] CodeEngine:265 - oldGeneratedFile, /Users/MAC/STM32CubeIDE/workspace_1.19.0/Demo_Project/MXTmpFiles/license.tmp_save
2026-09-10 02:32:16,736 [INFO] CodeEngine:289 - Generated code: /Users/MAC/STM32CubeIDE/workspace_1.19.0/Demo_Project/MXTmpFiles/license.tmp
2026-09-10 02:32:16,839 [INFO] CodeEngine:265 - oldGeneratedFile, /Users/MAC/STM32CubeIDE/workspace_1.19.0/Demo_Project/MXTmpFiles/gpio.tmp_save
2026-09-10 02:32:16,955 [INFO] CodeEngine:289 - Generated code: /Users/MAC/STM32CubeIDE/workspace_1.19.0/Demo_Project/MXTmpFiles/gpio.tmp
2026-09-10 02:32:17,302 [INFO] CodeEngine:265 - oldGeneratedFile, /Users/MAC/STM32CubeIDE/workspace_1.19.0/Demo_Project/Core/Src/stm32f4xx_it.c_save
2026-09-10 02:32:17,388 [INFO] CodeEngine:289 - Generated code: /Users/MAC/STM32CubeIDE/workspace_1.19.0/Demo_Project/Core/Src/stm32f4xx_it.c
2026-09-10 02:32:17,390 [INFO] CodeEngine:265 - oldGeneratedFile, /Users/MAC/STM32CubeIDE/workspace_1.19.0/Demo_Project/Core/Inc/stm32f4xx_it.h_save
2026-09-10 02:32:17,453 [INFO] CodeEngine:289 - Generated code: /Users/MAC/STM32CubeIDE/workspace_1.19.0/Demo_Project/Core/Inc/stm32f4xx_it.h
2026-09-10 02:32:17,468 [INFO] CodeEngine:265 - oldGeneratedFile, /Users/MAC/STM32CubeIDE/workspace_1.19.0/Demo_Project/Core/Src/stm32f4xx_hal_msp.c_save
2026-09-10 02:32:17,586 [INFO] CodeEngine:289 - Generated code: /Users/MAC/STM32CubeIDE/workspace_1.19.0/Demo_Project/Core/Src/stm32f4xx_hal_msp.c
2026-09-10 02:32:17,588 [INFO] CodeEngine:265 - oldGeneratedFile, /Users/MAC/STM32CubeIDE/workspace_1.19.0/Demo_Project/MXTmpFiles/system.tmp_save
2026-09-10 02:32:17,640 [INFO] CodeEngine:289 - Generated code: /Users/MAC/STM32CubeIDE/workspace_1.19.0/Demo_Project/MXTmpFiles/system.tmp
2026-09-10 02:32:17,645 [INFO] CodeEngine:321 - oldGeneratedFile, /Users/MAC/STM32CubeIDE/workspace_1.19.0/Demo_Project/Core/Inc/stm32f4xx_hal_conf.h_save
2026-09-10 02:32:17,726 [INFO] CodeEngine:345 - Generated code: /Users/MAC/STM32CubeIDE/workspace_1.19.0/Demo_Project/Core/Inc/stm32f4xx_hal_conf.h
2026-09-10 02:32:17,761 [WARN] IPConfigManager:3811 - IP not found : TIM
2026-09-10 02:32:17,762 [WARN] CodeGenerator:4259 - IP not found : null
2026-09-10 02:32:17,765 [INFO] CodeEngine:265 - oldGeneratedFile, /Users/MAC/STM32CubeIDE/workspace_1.19.0/Demo_Project/Core/Inc/main.h_save
2026-09-10 02:32:17,846 [INFO] CodeEngine:289 - Generated code: /Users/MAC/STM32CubeIDE/workspace_1.19.0/Demo_Project/Core/Inc/main.h
2026-09-10 02:32:17,855 [INFO] CodeEngine:265 - oldGeneratedFile, /Users/MAC/STM32CubeIDE/workspace_1.19.0/Demo_Project/Core/Src/main.c_save
2026-09-10 02:32:17,989 [INFO] CodeEngine:289 - Generated code: /Users/MAC/STM32CubeIDE/workspace_1.19.0/Demo_Project/Core/Src/main.c
2026-09-10 02:32:18,808 [INFO] ProjectBuilder:3606 - Time for Copy HAL[1] : 291mS.
2026-09-10 02:32:18,870 [INFO] ProjectBuilder:5216 - Project Generator version: 4.7.0-B52
2026-09-10 02:32:19,210 [INFO] ConfigFileManager:1595 - The Die is : DIE431
2026-09-10 02:32:21,446 [INFO] ProjectBuilder:5496 - Time for Generating toolchain IDE Files: 2578mS.
2026-09-10 02:32:21,450 [INFO] ProjectBuilder:3463 - Time for Copy CMSIS : 1mS.
2026-09-10 02:32:21,451 [INFO] ProjectBuilder:3463 - Time for Copy CMSIS : 0mS.
2026-09-10 04:02:17,941 [INFO] NvicIntPanel:101 - NVIC parent = com.st.microxplorer.plugins.ip.nvic.MultiNvicIntPanel[,0,0,0x0,invalid,layout=javax.swing.BoxLayout,alignmentX=0.0,alignmentY=0.0,border=,flags=9,maximumSize=,minimumSize=,preferredSize=]
2026-09-10 04:02:21,183 [INFO] UtilMem:75 - End SaveConfig() Used Memory: 713759416 Bytes (1073741824)
2026-09-10 04:02:22,768 [INFO] UtilMem:75 - End SaveConfig() Used Memory: 753081176 Bytes (1073741824)
2026-09-10 04:02:25,568 [INFO] UtilMem:75 - End SaveConfig() Used Memory: 874717880 Bytes (1073741824)
2026-09-10 04:02:28,506 [INFO] BlockDiagram:2775 - set Specific Code input for plugin: NVIC
2026-09-10 04:02:28,514 [INFO] BlockDiagram:2775 - set Specific Code input for plugin: USART
2026-09-10 04:02:28,516 [INFO] BlockDiagram:2775 - set Specific Code input for plugin: TIM1_8
2026-09-10 04:02:28,517 [INFO] BlockDiagram:2775 - set Specific Code input for plugin: SYS
2026-09-10 04:02:28,518 [INFO] BlockDiagram:2775 - set Specific Code input for plugin: GPIO
2026-09-10 04:02:28,519 [INFO] BlockDiagram:2775 - set Specific Code input for plugin: ADC
2026-09-10 04:02:28,519 [INFO] BlockDiagram:2775 - set Specific Code input for plugin: RCC
2026-09-10 04:02:28,528 [INFO] CodeGenerator:892 - code generatio: config db path: /Applications/STM32CubeIDE.app/Contents/Eclipse/plugins/com.st.stm32cube.common.mx_6.15.0.202507011659//db/
2026-09-10 04:02:29,161 [INFO] CodeEngine:265 - oldGeneratedFile, /Users/MAC/STM32CubeIDE/workspace_1.19.0/Demo_Project/MXTmpFiles/license.tmp_save
2026-09-10 04:02:30,215 [INFO] CodeEngine:289 - Generated code: /Users/MAC/STM32CubeIDE/workspace_1.19.0/Demo_Project/MXTmpFiles/license.tmp
2026-09-10 04:02:30,506 [INFO] CodeEngine:265 - oldGeneratedFile, /Users/MAC/STM32CubeIDE/workspace_1.19.0/Demo_Project/MXTmpFiles/gpio.tmp_save
2026-09-10 04:02:30,912 [INFO] CodeEngine:289 - Generated code: /Users/MAC/STM32CubeIDE/workspace_1.19.0/Demo_Project/MXTmpFiles/gpio.tmp
2026-09-10 04:02:32,052 [INFO] CodeEngine:265 - oldGeneratedFile, /Users/MAC/STM32CubeIDE/workspace_1.19.0/Demo_Project/Core/Src/stm32f4xx_it.c_save
2026-09-10 04:02:32,613 [INFO] CodeEngine:289 - Generated code: /Users/MAC/STM32CubeIDE/workspace_1.19.0/Demo_Project/Core/Src/stm32f4xx_it.c
2026-09-10 04:02:32,619 [INFO] CodeEngine:265 - oldGeneratedFile, /Users/MAC/STM32CubeIDE/workspace_1.19.0/Demo_Project/Core/Inc/stm32f4xx_it.h_save
2026-09-10 04:02:32,825 [INFO] CodeEngine:289 - Generated code: /Users/MAC/STM32CubeIDE/workspace_1.19.0/Demo_Project/Core/Inc/stm32f4xx_it.h
2026-09-10 04:02:32,845 [INFO] CodeEngine:265 - oldGeneratedFile, /Users/MAC/STM32CubeIDE/workspace_1.19.0/Demo_Project/Core/Src/stm32f4xx_hal_msp.c_save
2026-09-10 04:02:33,230 [INFO] CodeEngine:289 - Generated code: /Users/MAC/STM32CubeIDE/workspace_1.19.0/Demo_Project/Core/Src/stm32f4xx_hal_msp.c
2026-09-10 04:02:33,235 [INFO] CodeEngine:265 - oldGeneratedFile, /Users/MAC/STM32CubeIDE/workspace_1.19.0/Demo_Project/MXTmpFiles/system.tmp_save
2026-09-10 04:02:33,391 [INFO] CodeEngine:289 - Generated code: /Users/MAC/STM32CubeIDE/workspace_1.19.0/Demo_Project/MXTmpFiles/system.tmp
2026-09-10 04:02:33,402 [INFO] CodeEngine:321 - oldGeneratedFile, /Users/MAC/STM32CubeIDE/workspace_1.19.0/Demo_Project/Core/Inc/stm32f4xx_hal_conf.h_save
2026-09-10 04:02:33,568 [INFO] CodeEngine:345 - Generated code: /Users/MAC/STM32CubeIDE/workspace_1.19.0/Demo_Project/Core/Inc/stm32f4xx_hal_conf.h
2026-09-10 04:02:33,895 [WARN] IPConfigManager:3811 - IP not found : TIM
2026-09-10 04:02:33,908 [WARN] CodeGenerator:4259 - IP not found : null
2026-09-10 04:02:33,920 [INFO] CodeEngine:265 - oldGeneratedFile, /Users/MAC/STM32CubeIDE/workspace_1.19.0/Demo_Project/Core/Inc/main.h_save
2026-09-10 04:02:34,258 [INFO] CodeEngine:289 - Generated code: /Users/MAC/STM32CubeIDE/workspace_1.19.0/Demo_Project/Core/Inc/main.h
2026-09-10 04:02:34,267 [INFO] CodeEngine:265 - oldGeneratedFile, /Users/MAC/STM32CubeIDE/workspace_1.19.0/Demo_Project/Core/Src/main.c_save
2026-09-10 04:02:34,657 [INFO] CodeEngine:289 - Generated code: /Users/MAC/STM32CubeIDE/workspace_1.19.0/Demo_Project/Core/Src/main.c
2026-09-10 04:02:35,246 [INFO] ProjectBuilder:3606 - Time for Copy HAL[1] : 121mS.
2026-09-10 04:02:35,253 [INFO] ProjectBuilder:5216 - Project Generator version: 4.7.0-B52
2026-09-10 04:02:35,603 [INFO] ConfigFileManager:1595 - The Die is : DIE431
2026-09-10 04:02:43,093 [INFO] ProjectBuilder:5496 - Time for Generating toolchain IDE Files: 7835mS.
2026-09-10 04:02:43,112 [INFO] ProjectBuilder:3463 - Time for Copy CMSIS : 4mS.
2026-09-10 04:02:43,125 [INFO] ProjectBuilder:3463 - Time for Copy CMSIS : 1mS.
2026-09-10 04:18:19,316 [INFO] NvicIntPanel:101 - NVIC parent = com.st.microxplorer.plugins.ip.nvic.MultiNvicIntPanel[,0,0,514x251,layout=javax.swing.BoxLayout,alignmentX=0.0,alignmentY=0.0,border=,flags=9,maximumSize=,minimumSize=,preferredSize=]
2026-09-10 04:20:14,246 [INFO] WebApp:194 - Connection lost
2026-09-10 04:20:15,935 [INFO] WebApp:191 - Connection restablished
2026-09-10 04:36:28,354 [INFO] WebApp:194 - Connection lost
2026-09-10 04:36:28,985 [INFO] WebApp:191 - Connection restablished
2026-09-10 04:36:29,291 [INFO] WebApp:194 - Connection lost
2026-09-10 04:36:29,867 [INFO] WebApp:191 - Connection restablished
2026-09-10 04:36:31,109 [INFO] WebApp:194 - Connection lost
2026-09-10 04:36:32,895 [INFO] WebApp:191 - Connection restablished
2026-09-10 04:53:27,642 [INFO] WebApp:194 - Connection lost
2026-09-10 04:53:28,159 [INFO] WebApp:191 - Connection restablished
2026-09-10 04:53:28,859 [INFO] WebApp:194 - Connection lost
2026-09-10 04:53:30,129 [INFO] WebApp:191 - Connection restablished
2026-09-10 04:53:30,779 [INFO] WebApp:194 - Connection lost
2026-09-10 04:53:32,176 [INFO] WebApp:191 - Connection restablished
2026-09-10 05:09:40,633 [INFO] WebApp:194 - Connection lost
2026-09-10 05:09:41,188 [INFO] WebApp:191 - Connection restablished
2026-09-10 05:09:42,146 [INFO] WebApp:194 - Connection lost
2026-09-10 05:09:42,517 [INFO] WebApp:191 - Connection restablished
2026-09-10 05:09:43,548 [INFO] WebApp:194 - Connection lost
2026-09-10 05:09:45,281 [INFO] WebApp:191 - Connection restablished
2026-09-10 05:25:53,959 [INFO] WebApp:194 - Connection lost
2026-09-10 05:25:54,834 [INFO] WebApp:191 - Connection restablished
2026-09-10 05:25:55,845 [INFO] WebApp:194 - Connection lost
2026-09-10 05:25:56,796 [INFO] WebApp:191 - Connection restablished
2026-09-10 05:25:56,911 [INFO] WebApp:194 - Connection lost
2026-09-10 05:25:58,915 [INFO] WebApp:191 - Connection restablished
2026-09-10 05:42:33,753 [INFO] WebApp:194 - Connection lost
2026-09-10 05:42:34,298 [INFO] WebApp:191 - Connection restablished
2026-09-10 05:42:35,697 [INFO] WebApp:194 - Connection lost
2026-09-10 05:42:36,368 [INFO] WebApp:191 - Connection restablished
2026-09-10 05:42:37,029 [INFO] WebApp:194 - Connection lost
2026-09-10 05:43:06,304 [INFO] WebApp:191 - Connection restablished
2026-09-10 05:59:17,763 [INFO] WebApp:194 - Connection lost
2026-09-10 05:59:18,969 [INFO] WebApp:191 - Connection restablished
2026-09-10 05:59:19,063 [INFO] WebApp:194 - Connection lost
2026-09-10 05:59:19,402 [INFO] WebApp:191 - Connection restablished
2026-09-10 05:59:20,948 [INFO] WebApp:194 - Connection lost
2026-09-10 05:59:21,609 [INFO] WebApp:191 - Connection restablished
2026-09-10 06:15:30,146 [INFO] WebApp:194 - Connection lost
2026-09-10 06:15:30,645 [INFO] WebApp:191 - Connection restablished
2026-09-10 06:15:31,462 [INFO] WebApp:194 - Connection lost
2026-09-10 06:15:33,304 [INFO] WebApp:191 - Connection restablished
2026-09-10 06:20:24,639 [INFO] WebApp:194 - Connection lost
2026-09-10 06:20:24,980 [INFO] WebApp:191 - Connection restablished
2026-09-10 06:20:26,294 [INFO] WebApp:194 - Connection lost
2026-09-10 06:20:27,773 [INFO] WebApp:191 - Connection restablished
2026-09-10 06:20:27,872 [INFO] WebApp:194 - Connection lost
2026-09-10 06:20:28,172 [INFO] WebApp:191 - Connection restablished
2026-09-10 06:36:37,729 [INFO] WebApp:194 - Connection lost
2026-09-10 06:36:38,397 [INFO] WebApp:191 - Connection restablished
2026-09-10 06:36:39,309 [INFO] WebApp:194 - Connection lost
2026-09-10 06:36:41,080 [INFO] WebApp:191 - Connection restablished
2026-09-10 06:52:50,588 [INFO] WebApp:194 - Connection lost
2026-09-10 06:52:51,291 [INFO] WebApp:191 - Connection restablished
2026-09-10 06:52:52,667 [INFO] WebApp:194 - Connection lost
2026-09-10 06:52:54,399 [INFO] WebApp:191 - Connection restablished
2026-09-10 07:09:03,529 [INFO] WebApp:194 - Connection lost
2026-09-10 07:09:03,981 [INFO] WebApp:191 - Connection restablished
2026-09-10 07:09:05,668 [INFO] WebApp:194 - Connection lost
2026-09-10 07:09:07,261 [INFO] WebApp:191 - Connection restablished
2026-09-10 07:21:24,689 [INFO] WebApp:194 - Connection lost
2026-09-10 07:21:25,180 [INFO] WebApp:191 - Connection restablished
2026-09-10 07:21:26,737 [INFO] WebApp:194 - Connection lost
2026-09-10 07:21:27,583 [INFO] WebApp:191 - Connection restablished
2026-09-10 07:21:27,967 [INFO] WebApp:194 - Connection lost
2026-09-10 07:21:29,860 [INFO] WebApp:191 - Connection restablished
2026-09-10 07:38:24,381 [INFO] WebApp:194 - Connection lost
2026-09-10 07:38:25,562 [INFO] WebApp:191 - Connection restablished
2026-09-10 07:38:25,740 [INFO] WebApp:194 - Connection lost
2026-09-10 07:38:26,435 [INFO] WebApp:191 - Connection restablished
2026-09-10 07:38:27,488 [INFO] WebApp:194 - Connection lost
2026-09-10 07:38:28,640 [INFO] WebApp:191 - Connection restablished
2026-09-10 07:55:23,964 [INFO] WebApp:194 - Connection lost
2026-09-10 07:55:24,396 [INFO] WebApp:191 - Connection restablished
2026-09-10 07:55:25,919 [INFO] WebApp:194 - Connection lost
2026-09-10 07:55:26,686 [INFO] WebApp:191 - Connection restablished
2026-09-10 07:55:27,145 [INFO] WebApp:194 - Connection lost
2026-09-10 07:55:28,923 [INFO] WebApp:191 - Connection restablished
2026-09-10 08:11:36,984 [INFO] WebApp:194 - Connection lost
2026-09-10 08:11:38,158 [INFO] WebApp:191 - Connection restablished
2026-09-10 08:11:38,672 [INFO] WebApp:194 - Connection lost
2026-09-10 08:11:39,184 [INFO] WebApp:191 - Connection restablished
2026-09-10 08:22:24,991 [INFO] WebApp:194 - Connection lost
2026-09-10 08:22:25,685 [INFO] WebApp:191 - Connection restablished
2026-09-10 08:22:26,831 [INFO] WebApp:194 - Connection lost
2026-09-10 08:22:28,856 [INFO] WebApp:191 - Connection restablished
2026-09-10 08:38:37,599 [INFO] WebApp:194 - Connection lost
2026-09-10 08:38:38,166 [INFO] WebApp:191 - Connection restablished
2026-09-10 08:38:39,028 [INFO] WebApp:194 - Connection lost
2026-09-10 08:38:40,497 [INFO] WebApp:191 - Connection restablished
2026-09-10 08:38:40,952 [INFO] WebApp:194 - Connection lost
2026-09-10 08:38:42,717 [INFO] WebApp:191 - Connection restablished
2026-09-10 08:54:50,705 [INFO] WebApp:194 - Connection lost
2026-09-10 08:54:51,273 [INFO] WebApp:191 - Connection restablished
2026-09-10 08:54:51,719 [INFO] WebApp:194 - Connection lost
2026-09-10 08:54:52,204 [INFO] WebApp:191 - Connection restablished
2026-09-10 08:54:53,777 [INFO] WebApp:194 - Connection lost
2026-09-10 08:54:55,613 [INFO] WebApp:191 - Connection restablished
2026-09-10 09:11:50,325 [INFO] WebApp:194 - Connection lost
2026-09-10 09:11:51,498 [INFO] WebApp:191 - Connection restablished
2026-09-10 09:11:51,692 [INFO] WebApp:194 - Connection lost
2026-09-10 09:11:51,894 [INFO] WebApp:191 - Connection restablished
2026-09-10 09:11:53,279 [INFO] WebApp:194 - Connection lost
2026-09-10 09:11:55,129 [INFO] WebApp:191 - Connection restablished
2026-09-10 09:23:25,764 [INFO] WebApp:194 - Connection lost
2026-09-10 09:23:26,840 [INFO] WebApp:191 - Connection restablished
2026-09-10 09:23:27,767 [INFO] WebApp:194 - Connection lost
2026-09-10 09:23:30,041 [INFO] WebApp:191 - Connection restablished
2026-09-10 09:39:38,506 [INFO] WebApp:194 - Connection lost
2026-09-10 09:39:39,542 [INFO] WebApp:191 - Connection restablished
2026-09-10 09:39:40,318 [INFO] WebApp:194 - Connection lost
2026-09-10 09:39:41,958 [INFO] WebApp:191 - Connection restablished
2026-09-10 09:56:38,038 [INFO] WebApp:194 - Connection lost
2026-09-10 09:56:38,967 [INFO] WebApp:191 - Connection restablished
2026-09-10 09:56:39,893 [INFO] WebApp:194 - Connection lost
2026-09-10 09:56:41,347 [INFO] WebApp:191 - Connection restablished
2026-09-10 10:13:26,326 [INFO] WebApp:194 - Connection lost
2026-09-10 10:13:27,404 [INFO] WebApp:191 - Connection restablished
2026-09-10 10:13:28,172 [INFO] WebApp:194 - Connection lost
2026-09-10 10:13:54,737 [INFO] WebApp:191 - Connection restablished
2026-09-10 10:13:55,843 [INFO] WebApp:194 - Connection lost
2026-09-10 10:13:56,376 [INFO] WebApp:191 - Connection restablished
2026-09-10 10:24:24,798 [INFO] WebApp:194 - Connection lost
2026-09-10 10:24:25,942 [INFO] WebApp:191 - Connection restablished
2026-09-10 10:24:26,352 [INFO] WebApp:194 - Connection lost
2026-09-10 10:24:28,278 [INFO] WebApp:191 - Connection restablished
2026-09-10 10:40:37,649 [INFO] WebApp:194 - Connection lost
2026-09-10 10:40:38,800 [INFO] WebApp:191 - Connection restablished
2026-09-10 10:40:40,988 [INFO] WebApp:194 - Connection lost
2026-09-10 10:40:42,483 [INFO] WebApp:191 - Connection restablished
2026-09-10 10:57:37,691 [INFO] WebApp:194 - Connection lost
2026-09-10 10:57:38,911 [INFO] WebApp:191 - Connection restablished
2026-09-10 10:57:40,641 [INFO] WebApp:194 - Connection lost
2026-09-10 10:57:42,328 [INFO] WebApp:191 - Connection restablished
2026-09-10 11:13:50,277 [INFO] WebApp:194 - Connection lost
2026-09-10 11:13:51,474 [INFO] WebApp:191 - Connection restablished
2026-09-10 11:13:51,935 [INFO] WebApp:194 - Connection lost
2026-09-10 11:13:53,890 [INFO] WebApp:191 - Connection restablished
2026-09-10 11:25:25,250 [INFO] WebApp:194 - Connection lost
2026-09-10 11:25:26,156 [INFO] WebApp:191 - Connection restablished
2026-09-10 11:25:26,447 [INFO] WebApp:194 - Connection lost
2026-09-10 11:25:27,052 [INFO] WebApp:191 - Connection restablished
2026-09-10 11:25:28,281 [INFO] WebApp:194 - Connection lost
2026-09-10 11:25:30,338 [INFO] WebApp:191 - Connection restablished
2026-09-10 11:41:38,567 [INFO] WebApp:194 - Connection lost
2026-09-10 11:41:39,576 [INFO] WebApp:191 - Connection restablished
2026-09-10 11:41:40,121 [INFO] WebApp:194 - Connection lost
2026-09-10 11:41:42,163 [INFO] WebApp:191 - Connection restablished
2026-09-10 11:57:51,338 [INFO] WebApp:194 - Connection lost
2026-09-10 11:57:52,386 [INFO] WebApp:191 - Connection restablished
2026-09-10 11:57:53,051 [INFO] WebApp:194 - Connection lost
2026-09-10 11:57:54,894 [INFO] WebApp:191 - Connection restablished
2026-09-10 12:14:51,251 [INFO] WebApp:194 - Connection lost
2026-09-10 12:14:52,203 [INFO] WebApp:191 - Connection restablished
2026-09-10 12:14:52,929 [INFO] WebApp:194 - Connection lost
2026-09-10 12:14:53,262 [INFO] WebApp:191 - Connection restablished
2026-09-10 12:14:53,997 [INFO] WebApp:194 - Connection lost
2026-09-10 12:14:55,561 [INFO] WebApp:191 - Connection restablished
2026-09-10 12:26:24,905 [INFO] WebApp:194 - Connection lost
2026-09-10 12:26:26,088 [INFO] WebApp:191 - Connection restablished
2026-09-10 12:26:26,281 [INFO] WebApp:194 - Connection lost
2026-09-10 12:26:27,121 [INFO] WebApp:191 - Connection restablished
2026-09-10 12:43:24,434 [INFO] WebApp:194 - Connection lost
2026-09-10 12:43:25,736 [INFO] WebApp:191 - Connection restablished
2026-09-10 12:43:26,366 [INFO] WebApp:194 - Connection lost
2026-09-10 12:43:26,782 [INFO] WebApp:191 - Connection restablished
2026-09-10 12:43:27,407 [INFO] WebApp:194 - Connection lost
2026-09-10 12:43:29,233 [INFO] WebApp:191 - Connection restablished
2026-09-10 12:59:37,389 [INFO] WebApp:194 - Connection lost
2026-09-10 12:59:38,211 [INFO] WebApp:191 - Connection restablished
2026-09-10 12:59:38,465 [INFO] WebApp:194 - Connection lost
2026-09-10 12:59:39,234 [INFO] WebApp:191 - Connection restablished
2026-09-10 13:15:50,506 [INFO] WebApp:194 - Connection lost
2026-09-10 13:15:51,668 [INFO] WebApp:191 - Connection restablished
2026-09-10 13:15:52,187 [INFO] WebApp:194 - Connection lost
2026-09-10 13:15:52,657 [INFO] WebApp:191 - Connection restablished
2026-09-10 13:15:53,419 [INFO] WebApp:194 - Connection lost
2026-09-10 13:15:53,681 [INFO] WebApp:191 - Connection restablished
2026-09-10 13:27:24,750 [INFO] WebApp:194 - Connection lost
2026-09-10 13:27:25,729 [INFO] WebApp:191 - Connection restablished
2026-09-10 13:27:26,127 [INFO] WebApp:194 - Connection lost
2026-09-10 13:27:28,139 [INFO] WebApp:191 - Connection restablished
2026-09-10 13:27:29,502 [INFO] WebApp:194 - Connection lost
2026-09-10 13:27:30,821 [INFO] WebApp:191 - Connection restablished
2026-09-10 13:43:37,913 [INFO] WebApp:194 - Connection lost
2026-09-10 13:43:38,950 [INFO] WebApp:191 - Connection restablished
2026-09-10 13:43:39,075 [INFO] WebApp:194 - Connection lost
2026-09-10 13:43:41,393 [INFO] WebApp:191 - Connection restablished
2026-09-10 13:59:50,978 [INFO] WebApp:194 - Connection lost
2026-09-10 13:59:52,068 [INFO] WebApp:191 - Connection restablished
2026-09-10 13:59:52,350 [INFO] WebApp:194 - Connection lost
2026-09-10 13:59:54,561 [INFO] WebApp:191 - Connection restablished
2026-09-10 14:16:03,860 [INFO] WebApp:194 - Connection lost
2026-09-10 14:16:04,892 [INFO] WebApp:191 - Connection restablished
2026-09-10 14:16:04,999 [INFO] WebApp:194 - Connection lost
2026-09-10 14:16:07,280 [INFO] WebApp:191 - Connection restablished
2026-09-10 14:28:25,150 [INFO] WebApp:194 - Connection lost
2026-09-10 14:28:26,279 [INFO] WebApp:191 - Connection restablished
2026-09-10 14:28:26,480 [INFO] WebApp:194 - Connection lost
2026-09-10 14:28:27,267 [INFO] WebApp:191 - Connection restablished
2026-09-10 14:28:28,061 [INFO] WebApp:194 - Connection lost
2026-09-10 14:28:28,255 [INFO] WebApp:191 - Connection restablished
2026-09-10 14:44:37,709 [INFO] WebApp:194 - Connection lost
2026-09-10 14:44:39,179 [INFO] WebApp:191 - Connection restablished
2026-09-10 15:01:38,011 [INFO] WebApp:194 - Connection lost
2026-09-10 15:01:39,351 [INFO] WebApp:191 - Connection restablished
2026-09-10 15:01:39,725 [INFO] WebApp:194 - Connection lost
2026-09-10 15:01:41,826 [INFO] WebApp:191 - Connection restablished
2026-09-10 15:03:22,340 [INFO] WebApp:194 - Connection lost
2026-09-10 15:03:25,545 [INFO] WebApp:191 - Connection restablished
2026-09-10 15:20:09,304 [INFO] WebApp:194 - Connection lost
2026-09-10 15:21:41,831 [INFO] WebApp:191 - Connection restablished
2026-09-10 15:25:39,054 [INFO] WebApp:194 - Connection lost
2026-09-10 15:25:39,922 [INFO] WebApp:191 - Connection restablished
2026-09-10 15:25:43,985 [INFO] WebApp:194 - Connection lost
2026-09-10 15:25:47,836 [INFO] WebApp:191 - Connection restablished
2026-09-10 16:39:51,139 [INFO] NvicIntPanel:101 - NVIC parent = com.st.microxplorer.plugins.ip.nvic.MultiNvicIntPanel[,0,0,0x0,invalid,layout=javax.swing.BoxLayout,alignmentX=0.0,alignmentY=0.0,border=,flags=9,maximumSize=,minimumSize=,preferredSize=]
2026-09-10 16:39:52,047 [INFO] NvicIntPanel:101 - NVIC parent = com.st.microxplorer.plugins.ip.nvic.MultiNvicIntPanel[,0,0,0x0,invalid,layout=javax.swing.BoxLayout,alignmentX=0.0,alignmentY=0.0,border=,flags=9,maximumSize=,minimumSize=,preferredSize=]
2026-09-10 16:40:19,847 [INFO] Gpio:278 - dependency for GPIO [ADC1, RCC, SYS, TIM2, USART2]
2026-09-10 16:44:24,715 [INFO] UtilMem:75 - End SaveConfig() Used Memory: 707697392 Bytes (1073741824)
2026-09-10 16:44:30,228 [INFO] UtilMem:75 - End SaveConfig() Used Memory: 826428584 Bytes (1073741824)
2026-09-10 16:44:37,833 [INFO] UtilMem:75 - End SaveConfig() Used Memory: 841128096 Bytes (1073741824)
2026-09-10 16:44:38,561 [INFO] BlockDiagram:2775 - set Specific Code input for plugin: NVIC
2026-09-10 16:44:38,562 [INFO] BlockDiagram:2775 - set Specific Code input for plugin: USART
2026-09-10 16:44:38,562 [INFO] BlockDiagram:2775 - set Specific Code input for plugin: TIM1_8
2026-09-10 16:44:38,562 [INFO] BlockDiagram:2775 - set Specific Code input for plugin: SYS
2026-09-10 16:44:38,562 [INFO] BlockDiagram:2775 - set Specific Code input for plugin: GPIO
2026-09-10 16:44:38,563 [INFO] BlockDiagram:2775 - set Specific Code input for plugin: ADC
2026-09-10 16:44:38,563 [INFO] BlockDiagram:2775 - set Specific Code input for plugin: RCC
2026-09-10 16:44:38,565 [INFO] CodeGenerator:892 - code generatio: config db path: /Applications/STM32CubeIDE.app/Contents/Eclipse/plugins/com.st.stm32cube.common.mx_6.15.0.202507011659//db/
2026-09-10 16:44:38,831 [INFO] CodeEngine:265 - oldGeneratedFile, /Users/MAC/STM32CubeIDE/workspace_1.19.0/Demo_Project/MXTmpFiles/license.tmp_save
2026-09-10 16:44:39,265 [INFO] CodeEngine:289 - Generated code: /Users/MAC/STM32CubeIDE/workspace_1.19.0/Demo_Project/MXTmpFiles/license.tmp
2026-09-10 16:44:39,417 [INFO] CodeEngine:265 - oldGeneratedFile, /Users/MAC/STM32CubeIDE/workspace_1.19.0/Demo_Project/MXTmpFiles/gpio.tmp_save
2026-09-10 16:44:39,657 [INFO] CodeEngine:289 - Generated code: /Users/MAC/STM32CubeIDE/workspace_1.19.0/Demo_Project/MXTmpFiles/gpio.tmp
2026-09-10 16:44:40,439 [INFO] CodeEngine:265 - oldGeneratedFile, /Users/MAC/STM32CubeIDE/workspace_1.19.0/Demo_Project/Core/Src/stm32f4xx_it.c_save
2026-09-10 16:44:40,722 [INFO] CodeEngine:289 - Generated code: /Users/MAC/STM32CubeIDE/workspace_1.19.0/Demo_Project/Core/Src/stm32f4xx_it.c
2026-09-10 16:44:40,724 [INFO] CodeEngine:265 - oldGeneratedFile, /Users/MAC/STM32CubeIDE/workspace_1.19.0/Demo_Project/Core/Inc/stm32f4xx_it.h_save
2026-09-10 16:44:40,844 [INFO] CodeEngine:289 - Generated code: /Users/MAC/STM32CubeIDE/workspace_1.19.0/Demo_Project/Core/Inc/stm32f4xx_it.h
2026-09-10 16:44:40,856 [INFO] CodeEngine:265 - oldGeneratedFile, /Users/MAC/STM32CubeIDE/workspace_1.19.0/Demo_Project/Core/Src/stm32f4xx_hal_msp.c_save
2026-09-10 16:44:41,059 [INFO] CodeEngine:289 - Generated code: /Users/MAC/STM32CubeIDE/workspace_1.19.0/Demo_Project/Core/Src/stm32f4xx_hal_msp.c
2026-09-10 16:44:41,061 [INFO] CodeEngine:265 - oldGeneratedFile, /Users/MAC/STM32CubeIDE/workspace_1.19.0/Demo_Project/MXTmpFiles/system.tmp_save
2026-09-10 16:44:41,160 [INFO] CodeEngine:289 - Generated code: /Users/MAC/STM32CubeIDE/workspace_1.19.0/Demo_Project/MXTmpFiles/system.tmp
2026-09-10 16:44:41,169 [INFO] CodeEngine:321 - oldGeneratedFile, /Users/MAC/STM32CubeIDE/workspace_1.19.0/Demo_Project/Core/Inc/stm32f4xx_hal_conf.h_save
2026-09-10 16:44:41,269 [INFO] CodeEngine:345 - Generated code: /Users/MAC/STM32CubeIDE/workspace_1.19.0/Demo_Project/Core/Inc/stm32f4xx_hal_conf.h
2026-09-10 16:44:41,710 [WARN] IPConfigManager:3811 - IP not found : TIM
2026-09-10 16:44:41,721 [WARN] CodeGenerator:4259 - IP not found : null
2026-09-10 16:44:41,783 [INFO] CodeEngine:265 - oldGeneratedFile, /Users/MAC/STM32CubeIDE/workspace_1.19.0/Demo_Project/Core/Inc/main.h_save
2026-09-10 16:44:42,616 [INFO] CodeEngine:289 - Generated code: /Users/MAC/STM32CubeIDE/workspace_1.19.0/Demo_Project/Core/Inc/main.h
2026-09-10 16:44:42,666 [INFO] CodeEngine:265 - oldGeneratedFile, /Users/MAC/STM32CubeIDE/workspace_1.19.0/Demo_Project/Core/Src/main.c_save
2026-09-10 16:44:42,924 [INFO] CodeEngine:289 - Generated code: /Users/MAC/STM32CubeIDE/workspace_1.19.0/Demo_Project/Core/Src/main.c
2026-09-10 16:44:43,427 [INFO] ProjectBuilder:3606 - Time for Copy HAL[1] : 82mS.
2026-09-10 16:44:43,437 [INFO] ProjectBuilder:5216 - Project Generator version: 4.7.0-B52
2026-09-10 16:44:43,593 [INFO] ConfigFileManager:1595 - The Die is : DIE431
2026-09-10 16:44:47,481 [INFO] ProjectBuilder:5496 - Time for Generating toolchain IDE Files: 4040mS.
2026-09-10 16:44:47,483 [INFO] ProjectBuilder:3463 - Time for Copy CMSIS : 1mS.
2026-09-10 16:44:47,485 [INFO] ProjectBuilder:3463 - Time for Copy CMSIS : 0mS.
2026-09-10 17:54:58,187 [INFO] NvicIntPanel:101 - NVIC parent = com.st.microxplorer.plugins.ip.nvic.MultiNvicIntPanel[,0,0,0x0,invalid,layout=javax.swing.BoxLayout,alignmentX=0.0,alignmentY=0.0,border=,flags=9,maximumSize=,minimumSize=,preferredSize=]
2026-09-10 17:55:10,178 [INFO] NvicIntPanel:101 - NVIC parent = com.st.microxplorer.plugins.ip.nvic.MultiNvicIntPanel[,0,0,0x0,invalid,layout=javax.swing.BoxLayout,alignmentX=0.0,alignmentY=0.0,border=,flags=9,maximumSize=,minimumSize=,preferredSize=]
2026-09-10 18:46:59,769 [INFO] NvicIntPanel:101 - NVIC parent = com.st.microxplorer.plugins.ip.nvic.MultiNvicIntPanel[,0,0,0x0,invalid,layout=javax.swing.BoxLayout,alignmentX=0.0,alignmentY=0.0,border=,flags=9,maximumSize=,minimumSize=,preferredSize=]
2026-09-10 18:47:06,681 [INFO] NvicIntPanel:101 - NVIC parent = com.st.microxplorer.plugins.ip.nvic.MultiNvicIntPanel[,0,0,0x0,invalid,layout=javax.swing.BoxLayout,alignmentX=0.0,alignmentY=0.0,border=,flags=9,maximumSize=,minimumSize=,preferredSize=]
2026-09-10 18:47:49,846 [INFO] UtilMem:75 - End SaveConfig() Used Memory: 1004002088 Bytes (1073741824)
2026-09-10 18:47:52,152 [INFO] UtilMem:75 - End SaveConfig() Used Memory: 716077776 Bytes (1073741824)
2026-09-10 18:49:11,989 [INFO] UtilMem:75 - End SaveConfig() Used Memory: 853865040 Bytes (1073741824)
2026-09-10 18:49:13,379 [INFO] BlockDiagram:2775 - set Specific Code input for plugin: NVIC
2026-09-10 18:49:13,383 [INFO] BlockDiagram:2775 - set Specific Code input for plugin: USART
2026-09-10 18:49:13,383 [INFO] BlockDiagram:2775 - set Specific Code input for plugin: TIM1_8
2026-09-10 18:49:13,383 [INFO] BlockDiagram:2775 - set Specific Code input for plugin: TIM1_8
2026-09-10 18:49:13,383 [INFO] BlockDiagram:2775 - set Specific Code input for plugin: SYS
2026-09-10 18:49:13,384 [INFO] BlockDiagram:2775 - set Specific Code input for plugin: GPIO
2026-09-10 18:49:13,384 [INFO] BlockDiagram:2775 - set Specific Code input for plugin: ADC
2026-09-10 18:49:13,384 [INFO] BlockDiagram:2775 - set Specific Code input for plugin: RCC
2026-09-10 18:49:13,386 [INFO] CodeGenerator:892 - code generatio: config db path: /Applications/STM32CubeIDE.app/Contents/Eclipse/plugins/com.st.stm32cube.common.mx_6.15.0.202507011659//db/
2026-09-10 18:49:13,778 [INFO] CodeEngine:265 - oldGeneratedFile, /Users/MAC/STM32CubeIDE/workspace_1.19.0/Demo_Project/MXTmpFiles/license.tmp_save
2026-09-10 18:49:14,545 [INFO] CodeEngine:289 - Generated code: /Users/MAC/STM32CubeIDE/workspace_1.19.0/Demo_Project/MXTmpFiles/license.tmp
2026-09-10 18:49:14,831 [INFO] CodeEngine:265 - oldGeneratedFile, /Users/MAC/STM32CubeIDE/workspace_1.19.0/Demo_Project/MXTmpFiles/gpio.tmp_save
2026-09-10 18:49:15,244 [INFO] CodeEngine:289 - Generated code: /Users/MAC/STM32CubeIDE/workspace_1.19.0/Demo_Project/MXTmpFiles/gpio.tmp
2026-09-10 18:49:16,341 [INFO] CodeEngine:265 - oldGeneratedFile, /Users/MAC/STM32CubeIDE/workspace_1.19.0/Demo_Project/Core/Src/stm32f4xx_it.c_save
2026-09-10 18:49:16,748 [INFO] CodeEngine:289 - Generated code: /Users/MAC/STM32CubeIDE/workspace_1.19.0/Demo_Project/Core/Src/stm32f4xx_it.c
2026-09-10 18:49:16,752 [INFO] CodeEngine:265 - oldGeneratedFile, /Users/MAC/STM32CubeIDE/workspace_1.19.0/Demo_Project/Core/Inc/stm32f4xx_it.h_save
2026-09-10 18:49:17,166 [INFO] CodeEngine:289 - Generated code: /Users/MAC/STM32CubeIDE/workspace_1.19.0/Demo_Project/Core/Inc/stm32f4xx_it.h
2026-09-10 18:49:17,364 [INFO] CodeEngine:265 - oldGeneratedFile, /Users/MAC/STM32CubeIDE/workspace_1.19.0/Demo_Project/Core/Src/stm32f4xx_hal_msp.c_save
2026-09-10 18:49:18,737 [INFO] CodeEngine:289 - Generated code: /Users/MAC/STM32CubeIDE/workspace_1.19.0/Demo_Project/Core/Src/stm32f4xx_hal_msp.c
2026-09-10 18:49:18,956 [INFO] CodeEngine:265 - oldGeneratedFile, /Users/MAC/STM32CubeIDE/workspace_1.19.0/Demo_Project/MXTmpFiles/system.tmp_save
2026-09-10 18:49:19,192 [INFO] CodeEngine:289 - Generated code: /Users/MAC/STM32CubeIDE/workspace_1.19.0/Demo_Project/MXTmpFiles/system.tmp
2026-09-10 18:49:19,252 [INFO] CodeEngine:321 - oldGeneratedFile, /Users/MAC/STM32CubeIDE/workspace_1.19.0/Demo_Project/Core/Inc/stm32f4xx_hal_conf.h_save
2026-09-10 18:49:19,482 [INFO] CodeEngine:345 - Generated code: /Users/MAC/STM32CubeIDE/workspace_1.19.0/Demo_Project/Core/Inc/stm32f4xx_hal_conf.h
2026-09-10 18:49:19,872 [INFO] ApiDbMcu:532 - Load IP Config File for TIM3
2026-09-10 18:49:19,881 [WARN] IPConfigManager:3811 - IP not found : TIM
2026-09-10 18:49:19,883 [WARN] CodeGenerator:4259 - IP not found : null
2026-09-10 18:49:19,896 [INFO] CodeEngine:265 - oldGeneratedFile, /Users/MAC/STM32CubeIDE/workspace_1.19.0/Demo_Project/Core/Inc/main.h_save
2026-09-10 18:49:21,087 [INFO] CodeEngine:289 - Generated code: /Users/MAC/STM32CubeIDE/workspace_1.19.0/Demo_Project/Core/Inc/main.h
2026-09-10 18:49:21,113 [INFO] CodeEngine:265 - oldGeneratedFile, /Users/MAC/STM32CubeIDE/workspace_1.19.0/Demo_Project/Core/Src/main.c_save
2026-09-10 18:49:21,631 [INFO] CodeEngine:289 - Generated code: /Users/MAC/STM32CubeIDE/workspace_1.19.0/Demo_Project/Core/Src/main.c
2026-09-10 18:49:22,379 [INFO] ProjectBuilder:3606 - Time for Copy HAL[1] : 112mS.
2026-09-10 18:49:22,390 [INFO] ProjectBuilder:5216 - Project Generator version: 4.7.0-B52
2026-09-10 18:49:22,794 [INFO] ConfigFileManager:1595 - The Die is : DIE431
2026-09-10 18:49:33,093 [INFO] ProjectBuilder:5496 - Time for Generating toolchain IDE Files: 10666mS.
2026-09-10 18:49:33,120 [INFO] ProjectBuilder:3463 - Time for Copy CMSIS : 6mS.
2026-09-10 18:49:33,138 [INFO] ProjectBuilder:3463 - Time for Copy CMSIS : 1mS.
2026-09-10 19:28:40,994 [INFO] NvicIntPanel:101 - NVIC parent = com.st.microxplorer.plugins.ip.nvic.MultiNvicIntPanel[,0,0,450x276,layout=javax.swing.BoxLayout,alignmentX=0.0,alignmentY=0.0,border=,flags=9,maximumSize=,minimumSize=,preferredSize=]
2026-09-10 21:16:18,726 [INFO] NvicIntPanel:101 - NVIC parent = com.st.microxplorer.plugins.ip.nvic.MultiNvicIntPanel[,0,0,450x249,layout=javax.swing.BoxLayout,alignmentX=0.0,alignmentY=0.0,border=,flags=9,maximumSize=,minimumSize=,preferredSize=]
